Archive member included because of file (symbol)

contiki-z1.a(rimeaddr.o)      obj_z1/contiki-z1-main.o (rimeaddr_copy)
contiki-z1.a(rime.o)          obj_z1/contiki-z1-main.o (rime_driver)
contiki-z1.a(announcement.o)  contiki-z1.a(rime.o) (announcement_init)
contiki-z1.a(broadcast-annou)
                              contiki-z1.a(rime.o) (broadcast_announcement_init)
contiki-z1.a(broadcast.o)     contiki-z1.a(broadcast-annou) (broadcast_open)
contiki-z1.a(abc.o)           contiki-z1.a(broadcast.o) (abc_open)
contiki-z1.a(chameleon.o)     contiki-z1.a(rime.o) (chameleon_init)
contiki-z1.a(channel.o)       contiki-z1.a(chameleon.o) (channel_init)
contiki-z1.a(chameleon-bitop)
                              contiki-z1.a(chameleon.o) (chameleon_bitopt)
contiki-z1.a(csma.o)          obj_z1/contiki-z1-main.o (csma_driver)
contiki-z1.a(contikimac.o)    obj_z1/contiki-z1-main.o (contikimac_driver)
contiki-z1.a(phase.o)         contiki-z1.a(contikimac.o) (phase_update)
contiki-z1.a(process.o)       obj_z1/contiki-z1-main.o (process_init)
contiki-z1.a(autostart.o)     obj_z1/contiki-z1-main.o (autostart_start)
contiki-z1.a(compower.o)      contiki-z1.a(contikimac.o) (compower_idle_activity)
contiki-z1.a(serial-line.o)   obj_z1/contiki-z1-main.o (serial_line_input_byte)
contiki-z1.a(memb.o)          contiki-z1.a(csma.o) (memb_init)
contiki-z1.a(timer.o)         contiki-z1.a(phase.o) (timer_set)
contiki-z1.a(list.o)          contiki-z1.a(announcement.o) (list_init)
contiki-z1.a(etimer.o)        obj_z1/contiki-z1-main.o (etimer_process)
contiki-z1.a(ctimer.o)        obj_z1/contiki-z1-main.o (ctimer_init)
contiki-z1.a(energest.o)      obj_z1/contiki-z1-main.o (energest_init)
contiki-z1.a(rtimer.o)        obj_z1/contiki-z1-main.o (rtimer_init)
contiki-z1.a(random.o)        contiki-z1.a(broadcast-annou) (random_rand)
contiki-z1.a(ringbuf.o)       contiki-z1.a(serial-line.o) (ringbuf_init)
contiki-z1.a(nbr-table.o)     contiki-z1.a(phase.o) (nbr_table_register)
contiki-z1.a(packetbuf.o)     contiki-z1.a(contikimac.o) (packetbuf_hdr_remove)
contiki-z1.a(queuebuf.o)      contiki-z1.a(rime.o) (queuebuf_init)
contiki-z1.a(contiki-z1-plat)
                              obj_z1/contiki-z1-main.o (init_platform)
contiki-z1.a(msp430.o)        obj_z1/contiki-z1-main.o (msp430_cpu_init)
contiki-z1.a(leds.o)          obj_z1/contiki-z1-main.o (leds_init)
contiki-z1.a(watchdog.o)      obj_z1/contiki-z1-main.o (watchdog_start)
contiki-z1.a(xmem.o)          obj_z1/contiki-z1-main.o (xmem_init)
contiki-z1.a(spi.o)           contiki-z1.a(xmem.o) (spi_init)
contiki-z1.a(cc2420.o)        obj_z1/contiki-z1-main.o (cc2420_set_channel)
contiki-z1.a(cc2420-arch.o)   contiki-z1.a(cc2420.o) (cc2420_arch_init)
contiki-z1.a(node-id.o)       obj_z1/contiki-z1-main.o (node_id_restore)
contiki-z1.a(sensors.o)       contiki-z1.a(contiki-z1-plat) (sensors_process)
contiki-z1.a(button-sensor.o)
                              obj_z1/contiki-z1-main.o (button_sensor)
contiki-z1.a(uart0.o)         obj_z1/contiki-z1-main.o (uart0_active)
contiki-z1.a(uart0-putchar.o)
                              obj_z1/contiki-z1-main.o (putchar)
contiki-z1.a(adxl345.o)       obj_z1/contiki-z1-main.o (accm_init)
contiki-z1.a(clock.o)         contiki-z1.a(timer.o) (clock_time)
contiki-z1.a(leds-arch.o)     contiki-z1.a(leds.o) (leds_arch_init)
contiki-z1.a(rtimer-arch.o)   contiki-z1.a(rtimer.o) (rtimer_arch_init)
contiki-z1.a(mac.o)           contiki-z1.a(csma.o) (mac_call_sent_callback)
contiki-z1.a(framer-802154.o)
                              contiki-z1.a(contikimac.o) (framer_802154)
contiki-z1.a(i2cmaster.o)     contiki-z1.a(adxl345.o) (i2c_receiveinit)
contiki-z1.a(frame802154.o)   contiki-z1.a(framer-802154.o) (frame802154_hdrlen)
/usr/local/msp430/bin/../lib/gcc/msp430/4.7.0/mcpu-430x/mmpy-16/libgcc.a(_mulsi3.o)
                              contiki-z1.a(csma.o) (__mulsi3)
/usr/local/msp430/bin/../lib/gcc/msp430/4.7.0/mcpu-430x/mmpy-16/libgcc.a(_udivmod16.o)
                              contiki-z1.a(phase.o) (__umodhi3)
/usr/local/msp430/bin/../lib/gcc/msp430/4.7.0/mcpu-430x/mmpy-16/libgcc.a(_divmod16.o)
                              contiki-z1.a(nbr-table.o) (__divhi3)
/usr/local/msp430/bin/../lib/gcc/msp430/4.7.0/mcpu-430x/mmpy-16/libgcc.a(_udivmod32.o)
                              obj_z1/contiki-z1-main.o (__udivsi3)
/usr/local/msp430/bin/../lib/gcc/msp430/4.7.0/../../../../msp430/lib/mcpu-430x/mmpy-16/libc.a(printf.o)
                              obj_z1/contiki-z1-main.o (printf)
/usr/local/msp430/bin/../lib/gcc/msp430/4.7.0/../../../../msp430/lib/mcpu-430x/mmpy-16/libc.a(vuprintf.o)
                              /usr/local/msp430/bin/../lib/gcc/msp430/4.7.0/../../../../msp430/lib/mcpu-430x/mmpy-16/libc.a(printf.o) (vuprintf)
/usr/local/msp430/bin/../lib/gcc/msp430/4.7.0/../../../../msp430/lib/mcpu-430x/mmpy-16/libc.a(puts.o)
                              hello-world.co (puts)
[...]
Memory Configuration

Name             Origin             Length             Attributes
sfr              0x00000000         0x00000010
peripheral_8bit  0x00000010         0x000000f0
peripheral_16bit 0x00000100         0x00000100
ram_mirror       0x00000200         0x00000800         xw
infomem          0x00001000         0x00000100
infod            0x00001000         0x00000040
infoc            0x00001040         0x00000040
infob            0x00001080         0x00000040
infoa            0x000010c0         0x00000040
ram              0x00001100         0x00002000         xw
rom              0x00003100         0x0000cebe         xr
vectors          0x0000ffc0         0x00000040
far_rom          0x00010000         0x0000a000
bsl              0x00000000         0x00000000
ram2             0x00000000         0x00000000         xw
usbram           0x00000000         0x00000000         xw
*default*        0x00000000         0xffffffff

Linker script and memory map

LOAD /usr/local/msp430/bin/../lib/gcc/msp430/4.7.0/mcpu-430x/mmpy-16/crt0ivtbl32.o
                0x00000041                __P1SEL2 = 0x41
                0x00000045                __P5SEL2 = 0x45
LOAD hello-world.co
LOAD obj_z1/contiki-z1-main.o
LOAD contiki-z1.a
LOAD /usr/local/msp430/bin/../lib/gcc/msp430/4.7.0/mcpu-430x/mmpy-16/libgcc.a
LOAD /usr/local/msp430/bin/../lib/gcc/msp430/4.7.0/../../../../msp430/lib/mcpu-430x/mmpy-16/libc.a
LOAD /usr/local/msp430/bin/../lib/gcc/msp430/4.7.0/mcpu-430x/mmpy-16/libgcc.a
LOAD /usr/local/msp430/bin/../lib/gcc/msp430/4.7.0/mcpu-430x/mmpy-16/libcrt0.a
                0x00000040                PROVIDE (__info_segment_size, 0x40)
                0x00001000                PROVIDE (__infod, 0x1000)
                0x00001040                PROVIDE (__infoc, 0x1040)
                0x00001080                PROVIDE (__infob, 0x1080)
                0x000010c0                PROVIDE (__infoa, 0x10c0)
                0x00000000                __IE1 = 0x0
                0x00000002                __IFG1 = 0x2
                0x00000001                __IE2 = 0x1
                0x00000003                __IFG2 = 0x3
                0x00000006                __UC1IE = 0x6
                0x00000007                __UC1IFG = 0x7
                0x000001a0                __ADC12CTL0 = 0x1a0
                0x000001a2                __ADC12CTL1 = 0x1a2
                0x000001a4                __ADC12IFG = 0x1a4
                0x000001a6                __ADC12IE = 0x1a6
                0x000001a8                __ADC12IV = 0x1a8
                0x00000140                __ADC12MEM0 = 0x140
                0x00000142                __ADC12MEM1 = 0x142
                0x00000144                __ADC12MEM2 = 0x144
                0x00000146                __ADC12MEM3 = 0x146
                0x00000148                __ADC12MEM4 = 0x148
                0x0000014a                __ADC12MEM5 = 0x14a
                0x0000014c                __ADC12MEM6 = 0x14c
                0x0000014e                __ADC12MEM7 = 0x14e
                0x00000150                __ADC12MEM8 = 0x150
                0x00000152                __ADC12MEM9 = 0x152
                0x00000154                __ADC12MEM10 = 0x154
                0x00000156                __ADC12MEM11 = 0x156
                0x00000158                __ADC12MEM12 = 0x158
                0x0000015a                __ADC12MEM13 = 0x15a
                0x0000015c                __ADC12MEM14 = 0x15c
                0x0000015e                __ADC12MEM15 = 0x15e
                0x00000080                __ADC12MCTL0 = 0x80
                0x00000081                __ADC12MCTL1 = 0x81
                0x00000082                __ADC12MCTL2 = 0x82
                0x00000083                __ADC12MCTL3 = 0x83
                0x00000084                __ADC12MCTL4 = 0x84
                0x00000085                __ADC12MCTL5 = 0x85
                0x00000086                __ADC12MCTL6 = 0x86
                0x00000087                __ADC12MCTL7 = 0x87
                0x00000088                __ADC12MCTL8 = 0x88
                0x00000089                __ADC12MCTL9 = 0x89
                0x0000008a                __ADC12MCTL10 = 0x8a
                0x0000008b                __ADC12MCTL11 = 0x8b
                0x0000008c                __ADC12MCTL12 = 0x8c
                0x0000008d                __ADC12MCTL13 = 0x8d
                0x0000008e                __ADC12MCTL14 = 0x8e
                0x0000008f                __ADC12MCTL15 = 0x8f
                0x00000056                __DCOCTL = 0x56
                0x00000057                __BCSCTL1 = 0x57
                0x00000058                __BCSCTL2 = 0x58
                0x00000053                __BCSCTL3 = 0x53
                0x00000059                __CACTL1 = 0x59
                0x0000005a                __CACTL2 = 0x5a
                0x0000005b                __CAPD = 0x5b
                0x000001c0                __DAC12_0CTL = 0x1c0
                0x000001c2                __DAC12_1CTL = 0x1c2
                0x000001c8                __DAC12_0DAT = 0x1c8
                0x000001ca                __DAC12_1DAT = 0x1ca
                0x00000122                __DMACTL0 = 0x122
                0x00000124                __DMACTL1 = 0x124
                0x00000126                __DMAIV = 0x126
                0x000001d0                __DMA0CTL = 0x1d0
                0x000001dc                __DMA1CTL = 0x1dc
                0x000001e8                __DMA2CTL = 0x1e8
                0x000001d2                __DMA0SA = 0x1d2
                0x000001d2                __DMA0SAL = 0x1d2
                0x000001d6                __DMA0DA = 0x1d6
                0x000001d6                __DMA0DAL = 0x1d6
                0x000001da                __DMA0SZ = 0x1da
                0x000001de                __DMA1SA = 0x1de
                0x000001de                __DMA1SAL = 0x1de
                0x000001e2                __DMA1DA = 0x1e2
                0x000001e2                __DMA1DAL = 0x1e2
                0x000001e6                __DMA1SZ = 0x1e6
                0x000001ea                __DMA2SA = 0x1ea
                0x000001ea                __DMA2SAL = 0x1ea
                0x000001ee                __DMA2DA = 0x1ee
                0x000001ee                __DMA2DAL = 0x1ee
                0x000001f2                __DMA2SZ = 0x1f2
                0x00000128                __FCTL1 = 0x128
                0x0000012a                __FCTL2 = 0x12a
                0x0000012c                __FCTL3 = 0x12c
                0x000001be                __FCTL4 = 0x1be
                0x00000130                __MPY = 0x130
                0x00000132                __MPYS = 0x132
                0x00000134                __MAC = 0x134
                0x00000136                __MACS = 0x136
                0x00000138                __OP2 = 0x138
                0x0000013a                __RESLO = 0x13a
                0x0000013c                __RESHI = 0x13c
                0x0000013e                __SUMEXT = 0x13e
                0x00000020                __P1IN = 0x20
                0x00000021                __P1OUT = 0x21
                0x00000022                __P1DIR = 0x22
                0x00000023                __P1IFG = 0x23
                0x00000024                __P1IES = 0x24
                0x00000025                __P1IE = 0x25
                0x00000026                __P1SEL = 0x26
                0x00000027                __P1REN = 0x27
                0x00000028                __P2IN = 0x28
                0x00000029                __P2OUT = 0x29
                0x0000002a                __P2DIR = 0x2a
                0x0000002b                __P2IFG = 0x2b
                0x0000002c                __P2IES = 0x2c
                0x0000002d                __P2IE = 0x2d
                0x0000002e                __P2SEL = 0x2e
                0x0000002f                __P2REN = 0x2f
                0x00000018                __P3IN = 0x18
                0x00000019                __P3OUT = 0x19
                0x0000001a                __P3DIR = 0x1a
                0x0000001b                __P3SEL = 0x1b
                0x00000010                __P3REN = 0x10
                0x0000001c                __P4IN = 0x1c
                0x0000001d                __P4OUT = 0x1d
                0x0000001e                __P4DIR = 0x1e
                0x0000001f                __P4SEL = 0x1f
                0x00000011                __P4REN = 0x11
                0x00000030                __P5IN = 0x30
                0x00000031                __P5OUT = 0x31
                0x00000032                __P5DIR = 0x32
                0x00000033                __P5SEL = 0x33
                0x00000012                __P5REN = 0x12
                0x00000034                __P6IN = 0x34
                0x00000035                __P6OUT = 0x35
                0x00000036                __P6DIR = 0x36
                0x00000037                __P6SEL = 0x37
                0x00000013                __P6REN = 0x13
                0x00000038                __P7IN = 0x38
                0x0000003a                __P7OUT = 0x3a
                0x0000003c                __P7DIR = 0x3c
                0x0000003e                __P7SEL = 0x3e
                0x00000014                __P7REN = 0x14
                0x00000039                __P8IN = 0x39
                0x0000003b                __P8OUT = 0x3b
                0x0000003d                __P8DIR = 0x3d
                0x0000003f                __P8SEL = 0x3f
                0x00000015                __P8REN = 0x15
                0x00000038                __PAIN = 0x38
                0x0000003a                __PAOUT = 0x3a
                0x0000003c                __PADIR = 0x3c
                0x0000003e                __PASEL = 0x3e
                0x00000014                __PAREN = 0x14
                0x00000055                __SVSCTL = 0x55
                0x0000012e                __TAIV = 0x12e
                0x00000160                __TACTL = 0x160
                0x00000162                __TACCTL0 = 0x162
                0x00000164                __TACCTL1 = 0x164
                0x00000166                __TACCTL2 = 0x166
                0x00000170                __TAR = 0x170
                0x00000172                __TACCR0 = 0x172
                0x00000174                __TACCR1 = 0x174
                0x00000176                __TACCR2 = 0x176
                0x0000011e                __TBIV = 0x11e
                0x00000180                __TBCTL = 0x180
                0x00000182                __TBCCTL0 = 0x182
                0x00000184                __TBCCTL1 = 0x184
                0x00000186                __TBCCTL2 = 0x186
                0x00000188                __TBCCTL3 = 0x188
                0x0000018a                __TBCCTL4 = 0x18a
                0x0000018c                __TBCCTL5 = 0x18c
                0x0000018e                __TBCCTL6 = 0x18e
                0x00000190                __TBR = 0x190
                0x00000192                __TBCCR0 = 0x192
                0x00000194                __TBCCR1 = 0x194
                0x00000196                __TBCCR2 = 0x196
                0x00000198                __TBCCR3 = 0x198
                0x0000019a                __TBCCR4 = 0x19a
                0x0000019c                __TBCCR5 = 0x19c
                0x0000019e                __TBCCR6 = 0x19e
                0x00000060                __UCA0CTL0 = 0x60
                0x00000061                __UCA0CTL1 = 0x61
                0x00000062                __UCA0BR0 = 0x62
                0x00000063                __UCA0BR1 = 0x63
                0x00000064                __UCA0MCTL = 0x64
                0x00000065                __UCA0STAT = 0x65
                0x00000066                __UCA0RXBUF = 0x66
                0x00000067                __UCA0TXBUF = 0x67
                0x0000005d                __UCA0ABCTL = 0x5d
                0x0000005e                __UCA0IRTCTL = 0x5e
                0x0000005f                __UCA0IRRCTL = 0x5f
                0x00000068                __UCB0CTL0 = 0x68
                0x00000069                __UCB0CTL1 = 0x69
                0x0000006a                __UCB0BR0 = 0x6a
                0x0000006b                __UCB0BR1 = 0x6b
                0x0000006c                __UCB0I2CIE = 0x6c
                0x0000006d                __UCB0STAT = 0x6d
                0x0000006e                __UCB0RXBUF = 0x6e
                0x0000006f                __UCB0TXBUF = 0x6f
                0x00000118                __UCB0I2COA = 0x118
                0x0000011a                __UCB0I2CSA = 0x11a
                0x000000d0                __UCA1CTL0 = 0xd0
                0x000000d1                __UCA1CTL1 = 0xd1
                0x000000d2                __UCA1BR0 = 0xd2
                0x000000d3                __UCA1BR1 = 0xd3
                0x000000d4                __UCA1MCTL = 0xd4
                0x000000d5                __UCA1STAT = 0xd5
                0x000000d6                __UCA1RXBUF = 0xd6
                0x000000d7                __UCA1TXBUF = 0xd7
                0x000000cd                __UCA1ABCTL = 0xcd
                0x000000ce                __UCA1IRTCTL = 0xce
                0x000000cf                __UCA1IRRCTL = 0xcf
                0x000000d8                __UCB1CTL0 = 0xd8
                0x000000d9                __UCB1CTL1 = 0xd9
                0x000000da                __UCB1BR0 = 0xda
                0x000000db                __UCB1BR1 = 0xdb
                0x000000dc                __UCB1I2CIE = 0xdc
                0x000000dd                __UCB1STAT = 0xdd
                0x000000de                __UCB1RXBUF = 0xde
                0x000000df                __UCB1TXBUF = 0xdf
                0x0000017c                __UCB1I2COA = 0x17c
                0x0000017e                __UCB1I2CSA = 0x17e
                0x00000120                __WDTCTL = 0x120
                0x000010c0                __TLV_CHECKSUM = 0x10c0
                0x000010f6                __TLV_DCO_30_TAG = 0x10f6
                0x000010f7                __TLV_DCO_30_LEN = 0x10f7
                0x000010da                __TLV_ADC12_1_TAG = 0x10da
                0x000010db                __TLV_ADC12_1_LEN = 0x10db
                0x000010f8                __CALDCO_16MHZ = 0x10f8
                0x000010f9                __CALBC1_16MHZ = 0x10f9
                0x000010fa                __CALDCO_12MHZ = 0x10fa
                0x000010fb                __CALBC1_12MHZ = 0x10fb
                0x000010fc                __CALDCO_8MHZ = 0x10fc
                0x000010fd                __CALBC1_8MHZ = 0x10fd
                0x000010fe                __CALDCO_1MHZ = 0x10fe
                0x000010ff                __CALBC1_1MHZ = 0x10ff

.hash
 *(.hash)

.dynsym
 *(.dynsym)

.dynstr
 *(.dynstr)

.gnu.version
 *(.gnu.version)

.gnu.version_d
 *(.gnu.version_d)

.gnu.version_r
 *(.gnu.version_r)

.rel.init
 *(.rel.init)

.rela.init
 *(.rela.init)

.rel.fini
 *(.rel.fini)

.rela.fini
 *(.rela.fini)

.rel.text
 *(.rel.text .rel.text.* .rel.gnu.linkonce.t.*)

.rela.text
 *(.rela.text .rela.text.* .rela.gnu.linkonce.t.*)

.rel.rodata
 *(.rel.rodata .rel.rodata.* .rel.gnu.linkonce.r.*)

.rela.rodata
 *(.rela.rodata .rela.rodata.* .rela.gnu.linkonce.r.*)

.rel.data
 *(.rel.data .rel.data.* .rel.gnu.linkonce.d.*)

.rela.data
 *(.rela.data .rela.data.* .rela.gnu.linkonce.d.*)

.rel.bss
 *(.rel.bss .rel.bss.* .rel.gnu.linkonce.b.*)

.rela.bss
 *(.rela.bss .rela.bss.* .rela.gnu.linkonce.b.*)

.rel.ctors
 *(.rel.ctors)

.rela.ctors
 *(.rela.ctors)

.rel.dtors
 *(.rel.dtors)

.rela.dtors
 *(.rela.dtors)

.rel.got
 *(.rel.got)

.rela.got
 *(.rela.got)

.rel.plt
 *(.rel.plt)

.rela.plt
 *(.rela.plt)

.text           0x00003100     0x581c
                0x00003100                . = ALIGN (0x2)
 *(.init .init.*)
 *(.init0)
 .init0         0x00003100        0x0 /usr/local/msp430/bin/../lib/gcc/msp430/4.7.0/mcpu-430x/mmpy-16/libcrt0.a(_reset_vector__.o)
                0x00003100                _reset_vector__
 *(.init1)
 .init1         0x00003100        0xc /usr/local/msp430/bin/../lib/gcc/msp430/4.7.0/mcpu-430x/mmpy-16/libcrt0.a(__watchdog_support.o)
                0x00003100                __watchdog_support
 *(.init2)
 .init2         0x0000310c        0x4 /usr/local/msp430/bin/../lib/gcc/msp430/4.7.0/mcpu-430x/mmpy-16/libcrt0.a(__init_stack.o)
                0x0000310c                __init_stack
 *(.init3)
 .init3         0x00003110        0x0 /usr/local/msp430/bin/../lib/gcc/msp430/4.7.0/mcpu-430x/mmpy-16/libcrt0.a(__low_level_init.o)
                0x00003110                __low_level_init
 *(.init4)
 .init4         0x00003110       0x18 /usr/local/msp430/bin/../lib/gcc/msp430/4.7.0/mcpu-430x/mmpy-16/libcrt0.a(_copy_data.o)
                0x00003110                __do_copy_data
 .init4         0x00003128       0x16 /usr/local/msp430/bin/../lib/gcc/msp430/4.7.0/mcpu-430x/mmpy-16/libcrt0.a(_clear_bss.o)
                0x00003128                __do_clear_bss
 *(.init5)
 *(.init6)
 *(.init7)
 *(.init8)
 *(.init9)
 .init9         0x0000313e      0x302 obj_z1/contiki-z1-main.o
                0x0000313e                main
 *(.fini9)
 .fini9         0x00003440        0x0 /usr/local/msp430/bin/../lib/gcc/msp430/4.7.0/mcpu-430x/mmpy-16/libcrt0.a(__stop_progExec__.o)
                0x00003440                __stop_progExec__
 *(.fini8)
 *(.fini7)
 *(.fini6)
 *(.fini5)
 *(.fini4)
 *(.fini3)
 *(.fini2)
 *(.fini1)
 *(.fini0)
 .fini0         0x00003440        0x6 /usr/local/msp430/bin/../lib/gcc/msp430/4.7.0/mcpu-430x/mmpy-16/libcrt0.a(_endless_loop__.o)
                0x00003440                _endless_loop__
 *(.fini .fini.*)
                0x00003446                . = ALIGN (0x2)
                0x00003446                __ctors_start = .
 *(.ctors)
                0x00003446                __ctors_end = .
                0x00003446                __dtors_start = .
 *(.dtors)
                0x00003446                __dtors_end = .
                0x00003446                . = ALIGN (0x2)
 *(.text .text.* .gnu.linkonce.t.*)
 .text          0x00003446        0x4 /usr/local/msp430/bin/../lib/gcc/msp430/4.7.0/mcpu-430x/mmpy-16/crt0ivtbl32.o
                0x00003446                __isr_14
                0x00003446                __isr_4
                0x00003446                __isr_29
                0x00003446                __isr_11
                0x00003446                __isr_5
                0x00003446                __isr_2
                0x00003446                __isr_10
                0x00003446                __isr_7
                0x00003446                __isr_0
                0x00003446                __isr_28
                0x00003446                __isr_8
                0x00003446                __isr_20
                0x00003446                __isr_3
                0x00003446                __isr_12
                0x00003446                __isr_13
                0x00003446                __isr_27
                0x00003446                __isr_9
                0x00003446                __isr_30
                0x00003446                __isr_6
                0x00003446                __isr_22
                0x00003446                __isr_1
                0x00003446                __isr_15
                0x00003446                __isr_21
 .text.crt0     0x0000344a        0x0 /usr/local/msp430/bin/../lib/gcc/msp430/4.7.0/mcpu-430x/mmpy-16/crt0ivtbl32.o
 .text          0x0000344a       0x1e hello-world.co
 .text          0x00003468        0x6 obj_z1/contiki-z1-main.o
                0x00003468                uip_log
 .text          0x0000346e       0x2a contiki-z1.a(rimeaddr.o)
                0x0000346e                rimeaddr_copy
                0x0000347a                rimeaddr_cmp
                0x0000348c                rimeaddr_set_node_addr
 .text          0x00003498       0xd8 contiki-z1.a(rime.o)
                0x00003534                rime_sniffer_add
                0x00003540                rime_sniffer_remove
                0x0000354c                rime_output
 .text          0x00003570      0x114 contiki-z1.a(announcement.o)
                0x00003570                announcement_init
                0x0000357a                announcement_register
                0x000035b4                announcement_remove
                0x000035c0                announcement_remove_value
                0x000035e2                announcement_set_value
                0x0000360a                announcement_bump
                0x0000362c                announcement_listen
                0x00003638                announcement_register_listen_callback
                0x0000363e                announcement_register_observer_callback
                0x00003644                announcement_list
                0x0000364e                announcement_heard
 .text          0x00003684      0x1bc contiki-z1.a(broadcast-annou)
                0x000037d0                broadcast_announcement_init
                0x00003814                broadcast_announcement_stop
                0x00003836                broadcast_announcement_beacon_interval
 .text          0x00003840       0x78 contiki-z1.a(broadcast.o)
                0x00003876                broadcast_open
                0x00003898                broadcast_close
                0x0000389e                broadcast_send
 .text          0x000038b8       0x48 contiki-z1.a(abc.o)
                0x000038b8                abc_open
                0x000038d6                abc_close
                0x000038dc                abc_send
                0x000038e2                abc_input
                0x000038f0                abc_sent
 .text          0x00003900       0x38 contiki-z1.a(chameleon.o)
                0x00003900                chameleon_init
                0x00003906                chameleon_parse
                0x00003916                chameleon_create
                0x00003932                chameleon_hdrsize
 .text          0x00003938       0x66 contiki-z1.a(channel.o)
                0x00003938                channel_init
                0x00003942                channel_open
                0x00003952                channel_close
                0x0000395e                channel_lookup
                0x0000397e                channel_set_attributes
 .text          0x0000399e      0x2ec contiki-z1.a(chameleon-bitop)
                0x000039b4                get_bits_in_byte
                0x000039ea                get_bits
                0x00003b28                set_bits_in_byte
                0x00003b52                set_bits
 .text          0x00003c8a      0x35c contiki-z1.a(csma.o)
 .text          0x00003fe6      0x762 contiki-z1.a(contikimac.o)
                0x00004744                contikimac_debug_print
 .text          0x00004748      0x1b8 contiki-z1.a(phase.o)
                0x0000478c                phase_update
                0x00004812                phase_wait
                0x000048ec                phase_init
 .text          0x00004900      0x2a0 contiki-z1.a(process.o)
                0x000049fc                process_alloc_event
                0x00004a0a                process_exit
                0x00004a14                process_init
                0x00004a30                process_run
                0x00004ad4                process_nevents
                0x00004ae2                process_post
                0x00004b32                process_post_synch
                0x00004b44                process_start
                0x00004b7a                process_poll
                0x00004b92                process_is_running
 .text          0x00004ba0       0x2a contiki-z1.a(autostart.o)
                0x00004ba0                autostart_start
                0x00004bb6                autostart_exit
 .text          0x00004bca       0xbe contiki-z1.a(compower.o)
                0x00004bca                compower_init
                0x00004bdc                compower_accumulate
                0x00004c46                compower_clear
                0x00004c58                compower_attrconv
                0x00004c68                compower_accumulate_attrs
 .text          0x00004c88      0x104 contiki-z1.a(serial-line.o)
                0x00004d26                serial_line_input_byte
                0x00004d70                serial_line_init
 .text          0x00004d8c       0xd8 contiki-z1.a(memb.o)
                0x00004d8c                memb_init
                0x00004dc2                memb_alloc
                0x00004e00                memb_free
                0x00004e3a                memb_inmemb
 .text          0x00004e64       0x8c contiki-z1.a(timer.o)
                0x00004e64                timer_set
                0x00004e80                timer_reset
                0x00004e8e                timer_restart
                0x00004ea2                timer_expired
                0x00004ecc                timer_remaining
 .text          0x00004ef0       0xec contiki-z1.a(list.o)
                0x00004ef0                list_init
                0x00004ef6                list_head
                0x00004efa                list_copy
                0x00004f00                list_tail
                0x00004f12                list_chop
                0x00004f2c                list_pop
                0x00004f3a                list_remove
                0x00004f6e                list_push
                0x00004f84                list_add
                0x00004faa                list_length
                0x00004fba                list_insert
                0x00004fd0                list_item_next
 .text          0x00004fdc      0x258 contiki-z1.a(etimer.o)
                0x0000504c                etimer_request_poll
                0x0000515a                etimer_set
                0x0000516c                etimer_reset
                0x0000517e                etimer_restart
                0x00005190                etimer_adjust
                0x000051aa                etimer_expired
                0x000051b8                etimer_expiration_time
                0x000051cc                etimer_start_time
                0x000051d4                etimer_pending
                0x000051e0                etimer_next_expiration_time
                0x000051f6                etimer_stop
 .text          0x00005234      0x1ce contiki-z1.a(ctimer.o)
                0x000052d4                ctimer_init
                0x000052ec                ctimer_set
                0x0000533e                ctimer_reset
                0x00005374                ctimer_restart
                0x000053aa                ctimer_stop
                0x000053d2                ctimer_expired
 .text          0x00005402       0xaa contiki-z1.a(energest.o)
                0x00005402                energest_init
                0x00005426                energest_type_time
                0x00005462                energest_leveldevice_leveltime
                0x00005468                energest_type_set
                0x00005474                energest_flush
 .text          0x000054ac       0x50 contiki-z1.a(rtimer.o)
                0x000054ac                rtimer_init
                0x000054b2                rtimer_set
                0x000054d6                rtimer_run_next
 .text          0x000054fc        0xc contiki-z1.a(random.o)
                0x000054fc                random_init
                0x00005502                random_rand
 .text          0x00005508       0x94 contiki-z1.a(ringbuf.o)
                0x00005508                ringbuf_init
                0x0000551c                ringbuf_put
                0x00005554                ringbuf_get
                0x00005582                ringbuf_size
                0x0000558a                ringbuf_elements
 .text          0x0000559c      0x34c contiki-z1.a(nbr-table.o)
                0x000056ae                nbr_table_register
                0x000056d4                nbr_table_next
                0x00005718                nbr_table_head
                0x0000574e                nbr_table_add_lladdr
                0x0000585e                nbr_table_get_from_lladdr
                0x00005886                nbr_table_remove
                0x000058b0                nbr_table_lock
                0x000058c0                nbr_table_unlock
                0x000058d0                nbr_table_get_lladdr
 .text          0x000058e8      0x216 contiki-z1.a(packetbuf.o)
                0x000058e8                packetbuf_clear_hdr
                0x000058f0                packetbuf_copyto_hdr
                0x0000590c                packetbuf_copyto
                0x00005952                packetbuf_hdr_remove
                0x00005958                packetbuf_hdrreduce
                0x00005972                packetbuf_set_datalen
                0x00005978                packetbuf_dataptr
                0x00005986                packetbuf_hdrptr
                0x00005990                packetbuf_is_reference
                0x0000599e                packetbuf_compact
                0x000059e6                packetbuf_reference_ptr
                0x000059ec                packetbuf_datalen
                0x000059f2                packetbuf_hdrlen
                0x000059fc                packetbuf_totlen
                0x00005a0c                packetbuf_hdralloc
                0x00005a36                packetbuf_attr_clear
                0x00005a62                packetbuf_clear
                0x00005a7c                packetbuf_reference
                0x00005a92                packetbuf_copyfrom
                0x00005abc                packetbuf_attr_copyto
                0x00005adc                packetbuf_attr_copyfrom
 .text          0x00005afe      0x1a6 contiki-z1.a(queuebuf.o)
                0x00005afe                queuebuf_init
                0x00005b18                queuebuf_new_from_packetbuf
                0x00005b92                queuebuf_update_attr_from_packetbuf
                0x00005ba4                queuebuf_free
                0x00005be4                queuebuf_to_packetbuf
                0x00005c4e                queuebuf_dataptr
                0x00005c80                queuebuf_datalen
                0x00005c86                queuebuf_addr
                0x00005c94                queuebuf_attr
                0x00005ca2                queuebuf_debug_print
 .text          0x00005ca4        0xc contiki-z1.a(contiki-z1-plat)
                0x00005ca4                init_platform
 .text          0x00005cb0       0xd2 contiki-z1.a(msp430.o)
                0x00005cb0                msp430_init_dco
                0x00005cd8                msp430_quick_synch_dco
                0x00005d54                msp430_cpu_init
                0x00005d7a                splhigh_
 .text          0x00005d82      0x168 contiki-z1.a(leds.o)
                0x00005e7a                leds_init
                0x00005e88                leds_get
                0x00005e8e                leds_on
                0x00005ea2                leds_off
                0x00005eb6                leds_invert
                0x00005ec0                leds_toggle
                0x00005ec6                leds_blink
 .text          0x00005eea       0x54 contiki-z1.a(watchdog.o)
                0x00005eea                watchdog_start
                0x00005efe                watchdog_periodic
                0x00005f10                watchdog_stop
                0x00005f26                watchdog_init
                0x00005f38                watchdog_reboot
 .text          0x00005f3e      0x30a contiki-z1.a(xmem.o)
                0x00005faa                xmem_init
                0x00005fc8                xmem_pread
                0x0000608a                xmem_pwrite
                0x0000619e                xmem_erase
 .text          0x00006248       0x32 contiki-z1.a(spi.o)
                0x00006248                spi_init
 .text          0x0000627a      0x9d0 contiki-z1.a(cc2420.o)
                0x00006576                cc2420_on
                0x00006598                cc2420_off
                0x00006758                cc2420_get_channel
                0x0000675e                cc2420_set_channel
                0x000067d6                cc2420_set_pan_addr
                0x000068f6                cc2420_init
                0x000069c0                cc2420_interrupt
                0x000069de                cc2420_set_txpower
                0x000069ec                cc2420_get_txpower
                0x00006bb2                cc2420_rssi
                0x00006c10                cc2420_cca_valid
                0x00006c34                cc2420_set_cca_threshold
 .text          0x00006c4a       0x1a contiki-z1.a(cc2420-arch.o)
                0x00006c4a                cc2420_arch_init
 .text          0x00006c64       0x96 contiki-z1.a(node-id.o)
                0x00006c64                node_id_restore
                0x00006cb0                node_id_burn
 .text          0x00006cfa      0x156 contiki-z1.a(sensors.o)
                0x00006dbc                sensors_first
                0x00006dc2                sensors_next
                0x00006de6                sensors_changed
                0x00006e10                sensors_find
 .text          0x00006e50       0x86 contiki-z1.a(button-sensor.o)
 .text          0x00006ed6       0x6a contiki-z1.a(uart0.o)
                0x00006ed6                uart0_active
                0x00006ee4                uart0_set_input
                0x00006eea                uart0_writeb
                0x00006f00                uart0_init
 .text          0x00006f40       0x10 contiki-z1.a(uart0-putchar.o)
                0x00006f40                putchar
 .text          0x00006f50      0x254 contiki-z1.a(adxl345.o)
                0x00006f50                accm_write_reg
                0x00006f7e                accm_write_stream
                0x00006fa8                accm_read_reg
                0x00007052                accm_read_stream
                0x000070a4                accm_read_axis
                0x000070ca                accm_set_grange
                0x000070ee                accm_init
                0x00007178                accm_set_irq
 .text          0x000071a4       0xda contiki-z1.a(clock.o)
                0x000071a4                clock_time
                0x000071be                clock_set
                0x000071d4                clock_fine_max
                0x000071da                clock_fine
                0x000071e6                clock_init
                0x0000720e                clock_delay
                0x0000721a                clock_wait
                0x0000723e                clock_set_seconds
                0x00007256                clock_seconds
                0x00007270                clock_counter
 .text          0x0000727e       0x74 contiki-z1.a(leds-arch.o)
                0x0000727e                leds_arch_init
                0x0000728c                leds_arch_get
                0x000072ba                leds_arch_set
 .text          0x000072f2       0x22 contiki-z1.a(rtimer-arch.o)
                0x000072f2                rtimer_arch_init
                0x00007300                rtimer_arch_now
                0x0000730e                rtimer_arch_schedule
 .text          0x00007314       0x14 contiki-z1.a(mac.o)
                0x00007314                mac_call_sent_callback
 .text          0x00007328      0x1b2 contiki-z1.a(framer-802154.o)
 .text          0x000074da       0xfa contiki-z1.a(i2cmaster.o)
                0x000074da                i2c_receiveinit
                0x0000750e                i2c_transmitinit
                0x0000753c                i2c_receive_n
                0x0000757a                i2c_busy
                0x00007584                i2c_enable
                0x000075a6                i2c_disable
                0x000075c0                i2c_transmit_n
 .text          0x000075d4      0x366 contiki-z1.a(frame802154.o)
                0x00007660                frame802154_hdrlen
                0x0000768e                frame802154_create
                0x000077c4                frame802154_parse
 .text          0x0000793a        0x0 /usr/local/msp430/bin/../lib/gcc/msp430/4.7.0/mcpu-430x/mmpy-16/libgcc.a(_mulsi3.o)
 .text.libgcc   0x0000793a       0x26 /usr/local/msp430/bin/../lib/gcc/msp430/4.7.0/mcpu-430x/mmpy-16/libgcc.a(_mulsi3.o)
                0x0000793a                __mulsi3
 .text          0x00007960        0x0 /usr/local/msp430/bin/../lib/gcc/msp430/4.7.0/mcpu-430x/mmpy-16/libgcc.a(_udivmod16.o)
 .text.libgcc   0x00007960       0x22 /usr/local/msp430/bin/../lib/gcc/msp430/4.7.0/mcpu-430x/mmpy-16/libgcc.a(_udivmod16.o)
                0x00007960                __udivhi3
                0x00007960                __ext_udivmod16
                0x0000797a                __umodhi3
 .text          0x00007982        0x0 /usr/local/msp430/bin/../lib/gcc/msp430/4.7.0/mcpu-430x/mmpy-16/libgcc.a(_divmod16.o)
 .text.libgcc   0x00007982       0x3a /usr/local/msp430/bin/../lib/gcc/msp430/4.7.0/mcpu-430x/mmpy-16/libgcc.a(_divmod16.o)
                0x00007982                __ext_divmod16
                0x00007982                __divhi3
                0x000079b4                __modhi3
 .text          0x000079bc        0x0 /usr/local/msp430/bin/../lib/gcc/msp430/4.7.0/mcpu-430x/mmpy-16/libgcc.a(_udivmod32.o)
 .text.libgcc   0x000079bc       0x38 /usr/local/msp430/bin/../lib/gcc/msp430/4.7.0/mcpu-430x/mmpy-16/libgcc.a(_udivmod32.o)
                0x000079bc                __udivsi3
                0x000079bc                __ext_udivmod32
                0x000079ea                __umodsi3
 .text          0x000079f4        0x0 /usr/local/msp430/bin/../lib/gcc/msp430/4.7.0/../../../../msp430/lib/mcpu-430x/mmpy-16/libc.a(printf.o)
 .text.printf   0x000079f4       0x10 /usr/local/msp430/bin/../lib/gcc/msp430/4.7.0/../../../../msp430/lib/mcpu-430x/mmpy-16/libc.a(printf.o)
                0x000079f4                printf
 .text.vprintf  0x00007a04        0xe /usr/local/msp430/bin/../lib/gcc/msp430/4.7.0/../../../../msp430/lib/mcpu-430x/mmpy-16/libc.a(printf.o)
                0x00007a04                vprintf
 .text          0x00007a12        0x0 /usr/local/msp430/bin/../lib/gcc/msp430/4.7.0/../../../../msp430/lib/mcpu-430x/mmpy-16/libc.a(vuprintf.o)
 .text.print_field
                0x00007a12      0x176 /usr/local/msp430/bin/../lib/gcc/msp430/4.7.0/../../../../msp430/lib/mcpu-430x/mmpy-16/libc.a(vuprintf.o)
 .text.vuprintf
                0x00007b88      0x740 /usr/local/msp430/bin/../lib/gcc/msp430/4.7.0/../../../../msp430/lib/mcpu-430x/mmpy-16/libc.a(vuprintf.o)
                0x00007b88                vuprintf
 .text          0x000082c8        0x0 /usr/local/msp430/bin/../lib/gcc/msp430/4.7.0/../../../../msp430/lib/mcpu-430x/mmpy-16/libc.a(puts.o)
 .text.puts     0x000082c8       0x2c /usr/local/msp430/bin/../lib/gcc/msp430/4.7.0/../../../../msp430/lib/mcpu-430x/mmpy-16/libc.a(puts.o)
                0x000082c8                puts
 .text          0x000082f4        0x0 /usr/local/msp430/bin/../lib/gcc/msp430/4.7.0/../../../../msp430/lib/mcpu-430x/mmpy-16/libc.a(rand.o)
 .text.rand_r   0x000082f4       0x24 /usr/local/msp430/bin/../lib/gcc/msp430/4.7.0/../../../../msp430/lib/mcpu-430x/mmpy-16/libc.a(rand.o)
                0x000082f4                rand_r
 .text.rand     0x00008318       0x26 /usr/local/msp430/bin/../lib/gcc/msp430/4.7.0/../../../../msp430/lib/mcpu-430x/mmpy-16/libc.a(rand.o)
                0x00008318                rand
 .text.srand    0x0000833e        0xa /usr/local/msp430/bin/../lib/gcc/msp430/4.7.0/../../../../msp430/lib/mcpu-430x/mmpy-16/libc.a(rand.o)
                0x0000833e                srand
 .text          0x00008348        0x0 /usr/local/msp430/bin/../lib/gcc/msp430/4.7.0/../../../../msp430/lib/mcpu-430x/mmpy-16/libc.a(strncmp.o)
 .text.strncmp  0x00008348       0x2a /usr/local/msp430/bin/../lib/gcc/msp430/4.7.0/../../../../msp430/lib/mcpu-430x/mmpy-16/libc.a(strncmp.o)
                0x00008348                strncmp
 .text          0x00008372        0x0 /usr/local/msp430/bin/../lib/gcc/msp430/4.7.0/../../../../msp430/lib/mcpu-430x/mmpy-16/libc.a(memcmp.o)
 .text.memcmp   0x00008372       0x2c /usr/local/msp430/bin/../lib/gcc/msp430/4.7.0/../../../../msp430/lib/mcpu-430x/mmpy-16/libc.a(memcmp.o)
                0x00008372                memcmp
 .text          0x0000839e        0x0 /usr/local/msp430/bin/../lib/gcc/msp430/4.7.0/../../../../msp430/lib/mcpu-430x/mmpy-16/libc.a(memcpy.o)
 .text.memcpy   0x0000839e       0xe8 /usr/local/msp430/bin/../lib/gcc/msp430/4.7.0/../../../../msp430/lib/mcpu-430x/mmpy-16/libc.a(memcpy.o)
                0x0000839e                memcpy
 .text          0x00008486        0x0 /usr/local/msp430/bin/../lib/gcc/msp430/4.7.0/../../../../msp430/lib/mcpu-430x/mmpy-16/libc.a(memset.o)
 .text.memset   0x00008486       0x5c /usr/local/msp430/bin/../lib/gcc/msp430/4.7.0/../../../../msp430/lib/mcpu-430x/mmpy-16/libc.a(memset.o)
                0x00008486                memset
 .text          0x000084e2        0x0 /usr/local/msp430/bin/../lib/gcc/msp430/4.7.0/mcpu-430x/mmpy-16/libgcc.a(_udivmod64.o)
 .text.libgcc   0x000084e2       0xbc /usr/local/msp430/bin/../lib/gcc/msp430/4.7.0/mcpu-430x/mmpy-16/libgcc.a(_udivmod64.o)
                0x000084e2                __xabi_udivmod64
                0x00008534                __udivdi3
                0x0000854e                __umoddi3
                0x00008570                __udivmoddi4
 .text          0x0000859e        0x0 /usr/local/msp430/bin/../lib/gcc/msp430/4.7.0/mcpu-430x/mmpy-16/libcrt0.a(_reset_vector__.o)
 .text          0x0000859e        0x0 /usr/local/msp430/bin/../lib/gcc/msp430/4.7.0/mcpu-430x/mmpy-16/libcrt0.a(__watchdog_support.o)
 .text          0x0000859e        0x0 /usr/local/msp430/bin/../lib/gcc/msp430/4.7.0/mcpu-430x/mmpy-16/libcrt0.a(__init_stack.o)
 .text          0x0000859e        0x0 /usr/local/msp430/bin/../lib/gcc/msp430/4.7.0/mcpu-430x/mmpy-16/libcrt0.a(__low_level_init.o)
 .text          0x0000859e        0x0 /usr/local/msp430/bin/../lib/gcc/msp430/4.7.0/mcpu-430x/mmpy-16/libcrt0.a(_copy_data.o)
 .text          0x0000859e        0x0 /usr/local/msp430/bin/../lib/gcc/msp430/4.7.0/mcpu-430x/mmpy-16/libcrt0.a(_clear_bss.o)
 .text          0x0000859e        0x0 /usr/local/msp430/bin/../lib/gcc/msp430/4.7.0/mcpu-430x/mmpy-16/libcrt0.a(__stop_progExec__.o)
 .text          0x0000859e        0x0 /usr/local/msp430/bin/../lib/gcc/msp430/4.7.0/mcpu-430x/mmpy-16/libcrt0.a(_endless_loop__.o)
 .text          0x0000859e        0x0 /usr/local/msp430/bin/../lib/gcc/msp430/4.7.0/mcpu-430x/mmpy-16/libcrt0.a(_unexpected_.o)
 .text.crt0     0x0000859e        0x2 /usr/local/msp430/bin/../lib/gcc/msp430/4.7.0/mcpu-430x/mmpy-16/libcrt0.a(_unexpected_.o)
                0x0000859e                _unexpected_
 *(.near.text .near.text.*)
 .near.text     0x000085a0        0x6 contiki-z1.a(watchdog.o)
                0x000085a0                __isr_26
                0x000085a0                watchdog_interrupt
 .near.text     0x000085a6       0x76 contiki-z1.a(button-sensor.o)
                0x000085a6                irq_p2
                0x000085a6                __isr_19
 .near.text     0x0000861c       0x64 contiki-z1.a(uart0.o)
                0x0000861c                __isr_23
                0x0000861c                uart0_rx_interrupt
 .near.text     0x00008680       0xbe contiki-z1.a(adxl345.o)
                0x00008680                port1_isr
                0x00008680                __isr_18
 .near.text     0x0000873e       0xea contiki-z1.a(clock.o)
                0x0000873e                __isr_24
                0x0000873e                timera1
 .near.text     0x00008828       0x5c contiki-z1.a(rtimer-arch.o)
                0x00008828                __isr_25
                0x00008828                timera0
 .near.text     0x00008884       0x98 contiki-z1.a(i2cmaster.o)
                0x00008884                __isr_16
                0x00008884                i2c_tx_interrupt
                0x00008908                i2c_rx_interrupt
                0x00008908                __isr_17

.rodata         0x0000891c      0x209
                0x0000891c                . = ALIGN (0x2)
 *(.rodata .rodata.* .gnu.linkonce.r.*)
 .rodata        0x0000891c       0x26 hello-world.co
                0x0000892a                autostart_processes
 .rodata        0x00008942       0xd4 obj_z1/contiki-z1-main.o
 .rodata        0x00008a16        0x2 contiki-z1.a(rimeaddr.o)
                0x00008a16                rimeaddr_null
 .rodata        0x00008a18        0xc contiki-z1.a(rime.o)
                0x00008a1e                rime_driver
 .rodata        0x00008a24        0x4 contiki-z1.a(broadcast-annou)
 .rodata        0x00008a28        0x8 contiki-z1.a(broadcast.o)
 .rodata        0x00008a30        0x2 contiki-z1.a(abc.o)
 .rodata        0x00008a32       0x10 contiki-z1.a(chameleon-bitop)
                0x00008a32                chameleon_bitopt
 .rodata        0x00008a42       0x14 contiki-z1.a(csma.o)
                0x00008a48                csma_driver
 .rodata        0x00008a56       0x1c contiki-z1.a(contikimac.o)
                0x00008a62                contikimac_driver
 .rodata        0x00008a72        0xe contiki-z1.a(serial-line.o)
 .rodata        0x00008a80        0xc contiki-z1.a(etimer.o)
 .rodata        0x00008a8c        0xf contiki-z1.a(ctimer.o)
 .rodata        0x00008a9b       0x2c contiki-z1.a(xmem.o)
 *fill*         0x00008ac7        0x1 00
 .rodata        0x00008ac8       0x22 contiki-z1.a(cc2420.o)
                0x00008ac8                cc2420_driver
 .rodata        0x00008aea        0x8 contiki-z1.a(sensors.o)
 .rodata        0x00008af2       0x10 contiki-z1.a(button-sensor.o)
                0x00008afa                button_sensor
 .rodata        0x00008b02       0x16 contiki-z1.a(adxl345.o)
 .rodata        0x00008b18        0x4 contiki-z1.a(framer-802154.o)
                0x00008b18                framer_802154
 .rodata        0x00008b1c        0x2 contiki-z1.a(frame802154.o)
 .rodata.vuprintf
                0x00008b1e        0x7 /usr/local/msp430/bin/../lib/gcc/msp430/4.7.0/../../../../msp430/lib/mcpu-430x/mmpy-16/libc.a(vuprintf.o)
 *(.near.rodata .near.rodata.*)
                0x00008b26                . = ALIGN (0x2)
                0x00008b26                _etext = .

.data           0x00001100       0xae load address 0x00008b26
                0x00001100                . = ALIGN (0x2)
                0x00001100                __data_start = .
 *(.data .data.* .gnu.linkonce.d.*)
 .data          0x00001100        0x0 /usr/local/msp430/bin/../lib/gcc/msp430/4.7.0/mcpu-430x/mmpy-16/crt0ivtbl32.o
 .data          0x00001100        0xa hello-world.co
                0x00001100                hello_world_process
 .data          0x0000110a        0x4 obj_z1/contiki-z1-main.o
                0x0000110a                sensors
 .data          0x0000110e        0x0 contiki-z1.a(rimeaddr.o)
 .data          0x0000110e        0x0 contiki-z1.a(rime.o)
 .data          0x0000110e        0x0 contiki-z1.a(announcement.o)
 .data          0x0000110e        0x0 contiki-z1.a(broadcast-annou)
 .data          0x0000110e        0x0 contiki-z1.a(broadcast.o)
 .data          0x0000110e        0x0 contiki-z1.a(abc.o)
 .data          0x0000110e        0x0 contiki-z1.a(chameleon.o)
 .data          0x0000110e        0x0 contiki-z1.a(channel.o)
 .data          0x0000110e        0x0 contiki-z1.a(chameleon-bitop)
 .data          0x0000110e       0x18 contiki-z1.a(csma.o)
 .data          0x00001126        0x0 contiki-z1.a(contikimac.o)
 .data          0x00001126       0x10 contiki-z1.a(phase.o)
 .data          0x00001136        0x0 contiki-z1.a(process.o)
 .data          0x00001136        0x0 contiki-z1.a(autostart.o)
 .data          0x00001136        0x0 contiki-z1.a(compower.o)
 .data          0x00001136        0xa contiki-z1.a(serial-line.o)
                0x00001136                serial_line_process
 .data          0x00001140        0x0 contiki-z1.a(memb.o)
 .data          0x00001140        0x0 contiki-z1.a(timer.o)
 .data          0x00001140        0x0 contiki-z1.a(list.o)
 .data          0x00001140        0xa contiki-z1.a(etimer.o)
                0x00001140                etimer_process
 .data          0x0000114a        0xa contiki-z1.a(ctimer.o)
                0x0000114a                ctimer_process
 .data          0x00001154        0x0 contiki-z1.a(energest.o)
 .data          0x00001154        0x0 contiki-z1.a(rtimer.o)
 .data          0x00001154        0x0 contiki-z1.a(random.o)
 .data          0x00001154        0x0 contiki-z1.a(ringbuf.o)
 .data          0x00001154        0x8 contiki-z1.a(nbr-table.o)
 .data          0x0000115c        0x0 contiki-z1.a(packetbuf.o)
 .data          0x0000115c       0x18 contiki-z1.a(queuebuf.o)
 .data          0x00001174        0x0 contiki-z1.a(contiki-z1-plat)
 .data          0x00001174        0x2 contiki-z1.a(msp430.o)
 .data          0x00001176        0x0 contiki-z1.a(leds.o)
 .data          0x00001176        0x0 contiki-z1.a(watchdog.o)
 .data          0x00001176        0x0 contiki-z1.a(xmem.o)
 .data          0x00001176        0x0 contiki-z1.a(spi.o)
 .data          0x00001176        0xa contiki-z1.a(cc2420.o)
                0x00001176                cc2420_process
 .data          0x00001180        0x0 contiki-z1.a(cc2420-arch.o)
 .data          0x00001180        0x0 contiki-z1.a(node-id.o)
 .data          0x00001180        0xa contiki-z1.a(sensors.o)
                0x00001180                sensors_process
 .data          0x0000118a        0x0 contiki-z1.a(button-sensor.o)
 .data          0x0000118a        0x0 contiki-z1.a(uart0.o)
 .data          0x0000118a        0x0 contiki-z1.a(uart0-putchar.o)
 .data          0x0000118a       0x20 contiki-z1.a(adxl345.o)
                0x0000118a                accmeter_process
 .data          0x000011aa        0x0 contiki-z1.a(clock.o)
 .data          0x000011aa        0x0 contiki-z1.a(leds-arch.o)
 .data          0x000011aa        0x0 contiki-z1.a(rtimer-arch.o)
 .data          0x000011aa        0x0 contiki-z1.a(mac.o)
 .data          0x000011aa        0x0 contiki-z1.a(framer-802154.o)
 .data          0x000011aa        0x0 contiki-z1.a(i2cmaster.o)
 .data          0x000011aa        0x0 contiki-z1.a(frame802154.o)
 .data          0x000011aa        0x0 /usr/local/msp430/bin/../lib/gcc/msp430/4.7.0/mcpu-430x/mmpy-16/libgcc.a(_mulsi3.o)
 .data          0x000011aa        0x0 /usr/local/msp430/bin/../lib/gcc/msp430/4.7.0/mcpu-430x/mmpy-16/libgcc.a(_udivmod16.o)
 .data          0x000011aa        0x0 /usr/local/msp430/bin/../lib/gcc/msp430/4.7.0/mcpu-430x/mmpy-16/libgcc.a(_divmod16.o)
 .data          0x000011aa        0x0 /usr/local/msp430/bin/../lib/gcc/msp430/4.7.0/mcpu-430x/mmpy-16/libgcc.a(_udivmod32.o)
 .data          0x000011aa        0x0 /usr/local/msp430/bin/../lib/gcc/msp430/4.7.0/../../../../msp430/lib/mcpu-430x/mmpy-16/libc.a(printf.o)
 .data          0x000011aa        0x0 /usr/local/msp430/bin/../lib/gcc/msp430/4.7.0/../../../../msp430/lib/mcpu-430x/mmpy-16/libc.a(vuprintf.o)
 .data          0x000011aa        0x0 /usr/local/msp430/bin/../lib/gcc/msp430/4.7.0/../../../../msp430/lib/mcpu-430x/mmpy-16/libc.a(puts.o)
 .data          0x000011aa        0x0 /usr/local/msp430/bin/../lib/gcc/msp430/4.7.0/../../../../msp430/lib/mcpu-430x/mmpy-16/libc.a(rand.o)
 .data.next     0x000011aa        0x4 /usr/local/msp430/bin/../lib/gcc/msp430/4.7.0/../../../../msp430/lib/mcpu-430x/mmpy-16/libc.a(rand.o)
 .data          0x000011ae        0x0 /usr/local/msp430/bin/../lib/gcc/msp430/4.7.0/../../../../msp430/lib/mcpu-430x/mmpy-16/libc.a(strncmp.o)
 .data          0x000011ae        0x0 /usr/local/msp430/bin/../lib/gcc/msp430/4.7.0/../../../../msp430/lib/mcpu-430x/mmpy-16/libc.a(memcmp.o)
 .data          0x000011ae        0x0 /usr/local/msp430/bin/../lib/gcc/msp430/4.7.0/../../../../msp430/lib/mcpu-430x/mmpy-16/libc.a(memcpy.o)
 .data          0x000011ae        0x0 /usr/local/msp430/bin/../lib/gcc/msp430/4.7.0/../../../../msp430/lib/mcpu-430x/mmpy-16/libc.a(memset.o)
 .data          0x000011ae        0x0 /usr/local/msp430/bin/../lib/gcc/msp430/4.7.0/mcpu-430x/mmpy-16/libgcc.a(_udivmod64.o)
 .data          0x000011ae        0x0 /usr/local/msp430/bin/../lib/gcc/msp430/4.7.0/mcpu-430x/mmpy-16/libcrt0.a(_reset_vector__.o)
 .data          0x000011ae        0x0 /usr/local/msp430/bin/../lib/gcc/msp430/4.7.0/mcpu-430x/mmpy-16/libcrt0.a(__watchdog_support.o)
 .data          0x000011ae        0x0 /usr/local/msp430/bin/../lib/gcc/msp430/4.7.0/mcpu-430x/mmpy-16/libcrt0.a(__init_stack.o)
 .data          0x000011ae        0x0 /usr/local/msp430/bin/../lib/gcc/msp430/4.7.0/mcpu-430x/mmpy-16/libcrt0.a(__low_level_init.o)
 .data          0x000011ae        0x0 /usr/local/msp430/bin/../lib/gcc/msp430/4.7.0/mcpu-430x/mmpy-16/libcrt0.a(_copy_data.o)
 .data          0x000011ae        0x0 /usr/local/msp430/bin/../lib/gcc/msp430/4.7.0/mcpu-430x/mmpy-16/libcrt0.a(_clear_bss.o)
 .data          0x000011ae        0x0 /usr/local/msp430/bin/../lib/gcc/msp430/4.7.0/mcpu-430x/mmpy-16/libcrt0.a(__stop_progExec__.o)
 .data          0x000011ae        0x0 /usr/local/msp430/bin/../lib/gcc/msp430/4.7.0/mcpu-430x/mmpy-16/libcrt0.a(_endless_loop__.o)
 .data          0x000011ae        0x0 /usr/local/msp430/bin/../lib/gcc/msp430/4.7.0/mcpu-430x/mmpy-16/libcrt0.a(_unexpected_.o)
 *(.near.data .near.data.*)
                0x000011ae                . = ALIGN (0x2)
                0x000011ae                _edata = .
                0x00008b26                __data_load_start = LOADADDR (.data)
                0x000000ae                __data_size = SIZEOF (.data)

.bss            0x000011ae      0xca4 load address 0x00008bd4
                0x000011ae                __bss_start = .
 *(.bss .bss.*)
 .bss           0x000011ae        0x0 /usr/local/msp430/bin/../lib/gcc/msp430/4.7.0/mcpu-430x/mmpy-16/crt0ivtbl32.o
 .bss           0x000011ae        0x0 hello-world.co
 .bss           0x000011ae        0x4 obj_z1/contiki-z1-main.o
 .bss           0x000011b2        0x0 contiki-z1.a(rimeaddr.o)
 .bss           0x000011b2        0x2 contiki-z1.a(rime.o)
 .bss           0x000011b4        0x6 contiki-z1.a(announcement.o)
 .bss           0x000011ba       0x46 contiki-z1.a(broadcast-annou)
 .bss           0x00001200        0x0 contiki-z1.a(broadcast.o)
 .bss           0x00001200        0x0 contiki-z1.a(abc.o)
 .bss           0x00001200        0x0 contiki-z1.a(chameleon.o)
 .bss           0x00001200        0x2 contiki-z1.a(channel.o)
 .bss           0x00001202        0x0 contiki-z1.a(chameleon-bitop)
 .bss           0x00001202       0xb6 contiki-z1.a(csma.o)
 .bss           0x000012b8       0x74 contiki-z1.a(contikimac.o)
 .bss           0x0000132c      0x148 contiki-z1.a(phase.o)
 .bss           0x00001474       0x42 contiki-z1.a(process.o)
                0x00001474                process_current
                0x00001476                process_list
 .bss           0x000014b6        0x0 contiki-z1.a(autostart.o)
 .bss           0x000014b6        0x8 contiki-z1.a(compower.o)
 .bss           0x000014be      0x10a contiki-z1.a(serial-line.o)
 .bss           0x000015c8        0x0 contiki-z1.a(memb.o)
 .bss           0x000015c8        0x0 contiki-z1.a(timer.o)
 .bss           0x000015c8        0x0 contiki-z1.a(list.o)
 .bss           0x000015c8        0x6 contiki-z1.a(etimer.o)
 .bss           0x000015ce        0x4 contiki-z1.a(ctimer.o)
 .bss           0x000015d2        0x0 contiki-z1.a(energest.o)
 .bss           0x000015d2        0x2 contiki-z1.a(rtimer.o)
 .bss           0x000015d4        0x0 contiki-z1.a(random.o)
 .bss           0x000015d4        0x0 contiki-z1.a(ringbuf.o)
 .bss           0x000015d4       0x4c contiki-z1.a(nbr-table.o)
 .bss           0x00001620       0xba contiki-z1.a(packetbuf.o)
 .bss           0x000016da      0x65e contiki-z1.a(queuebuf.o)
 .bss           0x00001d38        0x0 contiki-z1.a(contiki-z1-plat)
 .bss           0x00001d38        0x0 contiki-z1.a(msp430.o)
 .bss           0x00001d38        0x2 contiki-z1.a(leds.o)
 .bss           0x00001d3a        0x2 contiki-z1.a(watchdog.o)
 .bss           0x00001d3c        0x0 contiki-z1.a(xmem.o)
 .bss           0x00001d3c        0x1 contiki-z1.a(spi.o)
                0x00001d3c                spi_busy
 *fill*         0x00001d3d        0x1 00
 .bss           0x00001d3e        0xa contiki-z1.a(cc2420.o)
 .bss           0x00001d48        0x0 contiki-z1.a(cc2420-arch.o)
 .bss           0x00001d48        0x2 contiki-z1.a(node-id.o)
                0x00001d48                node_id
 .bss           0x00001d4a        0x6 contiki-z1.a(sensors.o)
 .bss           0x00001d50        0x8 contiki-z1.a(button-sensor.o)
 .bss           0x00001d58        0x4 contiki-z1.a(uart0.o)
 .bss           0x00001d5c        0x0 contiki-z1.a(uart0-putchar.o)
 .bss           0x00001d5c       0x16 contiki-z1.a(adxl345.o)
 .bss           0x00001d72        0xa contiki-z1.a(clock.o)
 .bss           0x00001d7c        0x0 contiki-z1.a(leds-arch.o)
 .bss           0x00001d7c        0x0 contiki-z1.a(rtimer-arch.o)
 .bss           0x00001d7c        0x0 contiki-z1.a(mac.o)
 .bss           0x00001d7c        0x2 contiki-z1.a(framer-802154.o)
 .bss           0x00001d7e        0x2 contiki-z1.a(i2cmaster.o)
 .bss           0x00001d80        0x0 contiki-z1.a(frame802154.o)
 .bss           0x00001d80        0x0 /usr/local/msp430/bin/../lib/gcc/msp430/4.7.0/mcpu-430x/mmpy-16/libgcc.a(_mulsi3.o)
 .bss           0x00001d80        0x0 /usr/local/msp430/bin/../lib/gcc/msp430/4.7.0/mcpu-430x/mmpy-16/libgcc.a(_udivmod16.o)
 .bss           0x00001d80        0x0 /usr/local/msp430/bin/../lib/gcc/msp430/4.7.0/mcpu-430x/mmpy-16/libgcc.a(_divmod16.o)
 .bss           0x00001d80        0x0 /usr/local/msp430/bin/../lib/gcc/msp430/4.7.0/mcpu-430x/mmpy-16/libgcc.a(_udivmod32.o)
 .bss           0x00001d80        0x0 /usr/local/msp430/bin/../lib/gcc/msp430/4.7.0/../../../../msp430/lib/mcpu-430x/mmpy-16/libc.a(printf.o)
 .bss           0x00001d80        0x0 /usr/local/msp430/bin/../lib/gcc/msp430/4.7.0/../../../../msp430/lib/mcpu-430x/mmpy-16/libc.a(vuprintf.o)
 .bss           0x00001d80        0x0 /usr/local/msp430/bin/../lib/gcc/msp430/4.7.0/../../../../msp430/lib/mcpu-430x/mmpy-16/libc.a(puts.o)
 .bss           0x00001d80        0x0 /usr/local/msp430/bin/../lib/gcc/msp430/4.7.0/../../../../msp430/lib/mcpu-430x/mmpy-16/libc.a(rand.o)
 .bss           0x00001d80        0x0 /usr/local/msp430/bin/../lib/gcc/msp430/4.7.0/../../../../msp430/lib/mcpu-430x/mmpy-16/libc.a(strncmp.o)
 .bss           0x00001d80        0x0 /usr/local/msp430/bin/../lib/gcc/msp430/4.7.0/../../../../msp430/lib/mcpu-430x/mmpy-16/libc.a(memcmp.o)
 .bss           0x00001d80        0x0 /usr/local/msp430/bin/../lib/gcc/msp430/4.7.0/../../../../msp430/lib/mcpu-430x/mmpy-16/libc.a(memcpy.o)
 .bss           0x00001d80        0x0 /usr/local/msp430/bin/../lib/gcc/msp430/4.7.0/../../../../msp430/lib/mcpu-430x/mmpy-16/libc.a(memset.o)
 .bss           0x00001d80        0x0 /usr/local/msp430/bin/../lib/gcc/msp430/4.7.0/mcpu-430x/mmpy-16/libgcc.a(_udivmod64.o)
 .bss           0x00001d80        0x0 /usr/local/msp430/bin/../lib/gcc/msp430/4.7.0/mcpu-430x/mmpy-16/libcrt0.a(_reset_vector__.o)
 .bss           0x00001d80        0x0 /usr/local/msp430/bin/../lib/gcc/msp430/4.7.0/mcpu-430x/mmpy-16/libcrt0.a(__watchdog_support.o)
 .bss           0x00001d80        0x0 /usr/local/msp430/bin/../lib/gcc/msp430/4.7.0/mcpu-430x/mmpy-16/libcrt0.a(__init_stack.o)
 .bss           0x00001d80        0x0 /usr/local/msp430/bin/../lib/gcc/msp430/4.7.0/mcpu-430x/mmpy-16/libcrt0.a(__low_level_init.o)
 .bss           0x00001d80        0x0 /usr/local/msp430/bin/../lib/gcc/msp430/4.7.0/mcpu-430x/mmpy-16/libcrt0.a(_copy_data.o)
 .bss           0x00001d80        0x0 /usr/local/msp430/bin/../lib/gcc/msp430/4.7.0/mcpu-430x/mmpy-16/libcrt0.a(_clear_bss.o)
 .bss           0x00001d80        0x0 /usr/local/msp430/bin/../lib/gcc/msp430/4.7.0/mcpu-430x/mmpy-16/libcrt0.a(__stop_progExec__.o)
 .bss           0x00001d80        0x0 /usr/local/msp430/bin/../lib/gcc/msp430/4.7.0/mcpu-430x/mmpy-16/libcrt0.a(_endless_loop__.o)
 .bss           0x00001d80        0x0 /usr/local/msp430/bin/../lib/gcc/msp430/4.7.0/mcpu-430x/mmpy-16/libcrt0.a(_unexpected_.o)
 *(.near.bss .near.bss.*)
 *(COMMON)
 COMMON         0x00001d80        0x2 obj_z1/contiki-z1-main.o
                0x00001d80                sensors_flags
 COMMON         0x00001d82        0x2 contiki-z1.a(rimeaddr.o)
                0x00001d82                rimeaddr_node_addr
 COMMON         0x00001d84        0x1 contiki-z1.a(process.o)
                0x00001d84                process_maxevents
 *fill*         0x00001d85        0x1 00
 COMMON         0x00001d86        0x8 contiki-z1.a(compower.o)
                0x00001d86                compower_idle_activity
 COMMON         0x00001d8e        0x1 contiki-z1.a(serial-line.o)
                0x00001d8e                serial_line_event_message
 *fill*         0x00001d8f        0x1 00
 COMMON         0x00001d90       0x56 contiki-z1.a(energest.o)
                0x00001d90                energest_total_time
                0x00001dc0                energest_total_count
                0x00001dc2                energest_current_mode
                0x00001dce                energest_current_time
 COMMON         0x00001de6       0x38 contiki-z1.a(packetbuf.o)
                0x00001de6                packetbuf_addrs
                0x00001dee                packetbuf_attrs
 COMMON         0x00001e1e       0x14 contiki-z1.a(cc2420.o)
                0x00001e1e                cc2420_last_rssi
                0x00001e20                cc2420_packets_read
                0x00001e22                cc2420_packets_seen
                0x00001e24                cc2420_sfd_start_time
                0x00001e26                cc2420_time_of_departure
                0x00001e28                cc2420_time_of_arrival
                0x00001e2a                cc2420_last_correlation
                0x00001e2c                cc2420_authority_level_of_sender
                0x00001e2e                cc2420_sfd_counter
                0x00001e30                cc2420_sfd_end_time
 COMMON         0x00001e32        0x8 contiki-z1.a(node-id.o)
                0x00001e32                node_mac
 COMMON         0x00001e3a        0x1 contiki-z1.a(sensors.o)
                0x00001e3a                sensors_event
 *fill*         0x00001e3b        0x1 00
 COMMON         0x00001e3c        0x7 contiki-z1.a(adxl345.o)
                0x00001e3c                accm_int2_cb
                0x00001e3e                int2_event
                0x00001e40                accm_int1_cb
                0x00001e42                int1_event
 *fill*         0x00001e43        0x1 00
 COMMON         0x00001e44        0xe contiki-z1.a(i2cmaster.o)
                0x00001e44                transmit_data1
                0x00001e45                rx_byte_ctr
                0x00001e46                tx_buf_ptr
                0x00001e48                tx_byte_ctr
                0x00001e4a                i
                0x00001e4c                receive_data
                0x00001e4d                rx_buf
                0x00001e4f                transmit_data2
                0x00001e50                rx_buf_ptr
                0x00001e52                . = ALIGN (0x2)
                0x00001e52                __bss_end = .
                0x00000ca4                __bss_size = SIZEOF (.bss)

.noinit         0x00001e52        0x2 load address 0x00008bd4
                0x00001e52                . = ALIGN (0x2)
                0x00001e52                __noinit_start = .
 *(.noinit .noinit.*)
 .noinit.crt0   0x00001e52        0x2 /usr/local/msp430/bin/../lib/gcc/msp430/4.7.0/mcpu-430x/mmpy-16/libcrt0.a(__watchdog_support.o)
                0x00001e52                __wdt_clear_value
                0x00001e54                . = ALIGN (0x2)
                0x00001e54                __noinit_end = .
                0x00001e54                . = ALIGN (0x2)
                0x00001e54                _end = .

.infomem        0x00001000        0x0
                0x00001000                . = ALIGN (0x2)
 *(.infomem .infomem.*)

.infomemnobits  0x00001000        0x0
                0x00001000                . = ALIGN (0x2)
 *(.infomemnobits .infomemnobits.*)

.infoa          0x000010c0        0x0
                0x000010c0                . = ALIGN (0x2)
 *(.infoa .infoa.*)

.infob          0x00001080        0x0
                0x00001080                . = ALIGN (0x2)
 *(.infob .infob.*)

.infoc          0x00001040        0x0
                0x00001040                . = ALIGN (0x2)
 *(.infoc .infoc.*)

.infod          0x00001000        0x0
                0x00001000                . = ALIGN (0x2)
 *(.infod .infod.*)

.vectors        0x0000ffc0       0x40
                0x0000ffc0                __vectors_start = .
 *(.vectors*)
 .vectors       0x0000ffc0       0x40 /usr/local/msp430/bin/../lib/gcc/msp430/4.7.0/mcpu-430x/mmpy-16/crt0ivtbl32.o
                0x0000ffc0                __ivtbl_32
                0x00010000                _vectors_end = .

.fartext        0x00010000        0x0
                0x00010000                . = ALIGN (0x2)
 *(.fartext .fartext.*)

.far.text       0x00010000        0x0
                0x00010000                . = ALIGN (0x2)
 *(.far.text .far.text.*)

.far.rodata     0x00010000        0x0
                0x00010000                . = ALIGN (0x2)
 *(.far.rodata .far.rodata.*)
                0x00010000                . = ALIGN (0x2)
                0x00010000                _efartext = .

.far.data       0x00000000        0x0 load address 0x00010000
                0x00000000                . = ALIGN (0x2)
                0x00000000                __far_data_start = .
 *(.far.data .far.data.*)
                0x00000000                . = ALIGN (0x2)
                0x00000000                _efardata = .
                0x00010000                __far_data_load_start = LOADADDR (.far.data)
                0x00000000                __far_data_size = SIZEOF (.far.data)

.far.bss        0x00000000        0x0 load address 0x00010000
                0x00000000                . = ALIGN (0x2)
                0x00000000                __far_bss_start = .
 *(.far.bss .far.bss.*)
                0x00000000                . = ALIGN (0x2)
                0x00000000                __far_bss_end = .
                0x00000000                __far_bss_size = SIZEOF (.far.bss)
                0x00000000                . = ALIGN (0x2)
                0x00000000                _far_end = .

.profiler
 *(.profiler)

.stab
 *(.stab)

.stabstr
 *(.stabstr)

.stab.excl
 *(.stab.excl)

.stab.exclstr
 *(.stab.exclstr)

.stab.index
 *(.stab.index)

.stab.indexstr
 *(.stab.indexstr)

.comment        0x00000000       0x30
 *(.comment)
 .comment       0x00000000       0x30 hello-world.co
                                 0x31 (size before relaxing)
 .comment       0x00000000       0x31 obj_z1/contiki-z1-main.o
 .comment       0x00000000       0x31 contiki-z1.a(rimeaddr.o)
 .comment       0x00000000       0x31 contiki-z1.a(rime.o)
 .comment       0x00000000       0x31 contiki-z1.a(announcement.o)
 .comment       0x00000000       0x31 contiki-z1.a(broadcast-annou)
 .comment       0x00000000       0x31 contiki-z1.a(broadcast.o)
 .comment       0x00000000       0x31 contiki-z1.a(abc.o)
 .comment       0x00000000       0x31 contiki-z1.a(chameleon.o)
 .comment       0x00000000       0x31 contiki-z1.a(channel.o)
 .comment       0x00000000       0x31 contiki-z1.a(chameleon-bitop)
 .comment       0x00000000       0x31 contiki-z1.a(csma.o)
 .comment       0x00000000       0x31 contiki-z1.a(contikimac.o)
 .comment       0x00000000       0x31 contiki-z1.a(phase.o)
 .comment       0x00000000       0x31 contiki-z1.a(process.o)
 .comment       0x00000000       0x31 contiki-z1.a(autostart.o)
 .comment       0x00000000       0x31 contiki-z1.a(compower.o)
 .comment       0x00000000       0x31 contiki-z1.a(serial-line.o)
 .comment       0x00000000       0x31 contiki-z1.a(memb.o)
 .comment       0x00000000       0x31 contiki-z1.a(timer.o)
 .comment       0x00000000       0x31 contiki-z1.a(list.o)
 .comment       0x00000000       0x31 contiki-z1.a(etimer.o)
 .comment       0x00000000       0x31 contiki-z1.a(ctimer.o)
 .comment       0x00000000       0x31 contiki-z1.a(energest.o)
 .comment       0x00000000       0x31 contiki-z1.a(rtimer.o)
 .comment       0x00000000       0x31 contiki-z1.a(random.o)
 .comment       0x00000000       0x31 contiki-z1.a(ringbuf.o)
 .comment       0x00000000       0x31 contiki-z1.a(nbr-table.o)
 .comment       0x00000000       0x31 contiki-z1.a(packetbuf.o)
 .comment       0x00000000       0x31 contiki-z1.a(queuebuf.o)
 .comment       0x00000000       0x31 contiki-z1.a(contiki-z1-plat)
 .comment       0x00000000       0x31 contiki-z1.a(msp430.o)
 .comment       0x00000000       0x31 contiki-z1.a(leds.o)
 .comment       0x00000000       0x31 contiki-z1.a(watchdog.o)
 .comment       0x00000000       0x31 contiki-z1.a(xmem.o)
 .comment       0x00000000       0x31 contiki-z1.a(spi.o)
 .comment       0x00000000       0x31 contiki-z1.a(cc2420.o)
 .comment       0x00000000       0x31 contiki-z1.a(cc2420-arch.o)
 .comment       0x00000000       0x31 contiki-z1.a(node-id.o)
 .comment       0x00000000       0x31 contiki-z1.a(sensors.o)
 .comment       0x00000000       0x31 contiki-z1.a(button-sensor.o)
 .comment       0x00000000       0x31 contiki-z1.a(uart0.o)
 .comment       0x00000000       0x31 contiki-z1.a(uart0-putchar.o)
 .comment       0x00000000       0x31 contiki-z1.a(adxl345.o)
 .comment       0x00000000       0x31 contiki-z1.a(clock.o)
 .comment       0x00000000       0x31 contiki-z1.a(leds-arch.o)
 .comment       0x00000000       0x31 contiki-z1.a(rtimer-arch.o)
 .comment       0x00000000       0x31 contiki-z1.a(mac.o)
 .comment       0x00000000       0x31 contiki-z1.a(framer-802154.o)
 .comment       0x00000000       0x31 contiki-z1.a(i2cmaster.o)
 .comment       0x00000000       0x31 contiki-z1.a(frame802154.o)
 .comment       0x00000000       0x31 /usr/local/msp430/bin/../lib/gcc/msp430/4.7.0/../../../../msp430/lib/mcpu-430x/mmpy-16/libc.a(printf.o)
 .comment       0x00000000       0x31 /usr/local/msp430/bin/../lib/gcc/msp430/4.7.0/../../../../msp430/lib/mcpu-430x/mmpy-16/libc.a(vuprintf.o)
 .comment       0x00000000       0x31 /usr/local/msp430/bin/../lib/gcc/msp430/4.7.0/../../../../msp430/lib/mcpu-430x/mmpy-16/libc.a(puts.o)
 .comment       0x00000000       0x31 /usr/local/msp430/bin/../lib/gcc/msp430/4.7.0/../../../../msp430/lib/mcpu-430x/mmpy-16/libc.a(rand.o)
 .comment       0x00000000       0x31 /usr/local/msp430/bin/../lib/gcc/msp430/4.7.0/../../../../msp430/lib/mcpu-430x/mmpy-16/libc.a(strncmp.o)
 .comment       0x00000000       0x31 /usr/local/msp430/bin/../lib/gcc/msp430/4.7.0/../../../../msp430/lib/mcpu-430x/mmpy-16/libc.a(memcmp.o)
 .comment       0x00000000       0x31 /usr/local/msp430/bin/../lib/gcc/msp430/4.7.0/../../../../msp430/lib/mcpu-430x/mmpy-16/libc.a(memcpy.o)
 .comment       0x00000000       0x31 /usr/local/msp430/bin/../lib/gcc/msp430/4.7.0/../../../../msp430/lib/mcpu-430x/mmpy-16/libc.a(memset.o)

.debug
 *(.debug)

.line
 *(.line)

.debug_srcinfo
 *(.debug_srcinfo)

.debug_sfnames
 *(.debug_sfnames)

.debug_aranges  0x00000000      0x2a0
 *(.debug_aranges)
 .debug_aranges
                0x00000000       0x20 /usr/local/msp430/bin/../lib/gcc/msp430/4.7.0/mcpu-430x/mmpy-16/crt0ivtbl32.o
 .debug_aranges
                0x00000020       0x20 /usr/local/msp430/bin/../lib/gcc/msp430/4.7.0/mcpu-430x/mmpy-16/libgcc.a(_mulsi3.o)
 .debug_aranges
                0x00000040       0x20 /usr/local/msp430/bin/../lib/gcc/msp430/4.7.0/mcpu-430x/mmpy-16/libgcc.a(_udivmod16.o)
 .debug_aranges
                0x00000060       0x20 /usr/local/msp430/bin/../lib/gcc/msp430/4.7.0/mcpu-430x/mmpy-16/libgcc.a(_divmod16.o)
 .debug_aranges
                0x00000080       0x20 /usr/local/msp430/bin/../lib/gcc/msp430/4.7.0/mcpu-430x/mmpy-16/libgcc.a(_udivmod32.o)
 .debug_aranges
                0x000000a0       0x28 /usr/local/msp430/bin/../lib/gcc/msp430/4.7.0/../../../../msp430/lib/mcpu-430x/mmpy-16/libc.a(printf.o)
 .debug_aranges
                0x000000c8       0x28 /usr/local/msp430/bin/../lib/gcc/msp430/4.7.0/../../../../msp430/lib/mcpu-430x/mmpy-16/libc.a(vuprintf.o)
 .debug_aranges
                0x000000f0       0x20 /usr/local/msp430/bin/../lib/gcc/msp430/4.7.0/../../../../msp430/lib/mcpu-430x/mmpy-16/libc.a(puts.o)
 .debug_aranges
                0x00000110       0x30 /usr/local/msp430/bin/../lib/gcc/msp430/4.7.0/../../../../msp430/lib/mcpu-430x/mmpy-16/libc.a(rand.o)
 .debug_aranges
                0x00000140       0x20 /usr/local/msp430/bin/../lib/gcc/msp430/4.7.0/../../../../msp430/lib/mcpu-430x/mmpy-16/libc.a(strncmp.o)
 .debug_aranges
                0x00000160       0x20 /usr/local/msp430/bin/../lib/gcc/msp430/4.7.0/../../../../msp430/lib/mcpu-430x/mmpy-16/libc.a(memcmp.o)
 .debug_aranges
                0x00000180       0x20 /usr/local/msp430/bin/../lib/gcc/msp430/4.7.0/../../../../msp430/lib/mcpu-430x/mmpy-16/libc.a(memcpy.o)
 .debug_aranges
                0x000001a0       0x20 /usr/local/msp430/bin/../lib/gcc/msp430/4.7.0/../../../../msp430/lib/mcpu-430x/mmpy-16/libc.a(memset.o)
 .debug_aranges
                0x000001c0       0x20 /usr/local/msp430/bin/../lib/gcc/msp430/4.7.0/mcpu-430x/mmpy-16/libgcc.a(_udivmod64.o)
 .debug_aranges
                0x000001e0       0x20 /usr/local/msp430/bin/../lib/gcc/msp430/4.7.0/mcpu-430x/mmpy-16/libcrt0.a(__watchdog_support.o)
 .debug_aranges
                0x00000200       0x20 /usr/local/msp430/bin/../lib/gcc/msp430/4.7.0/mcpu-430x/mmpy-16/libcrt0.a(__init_stack.o)
 .debug_aranges
                0x00000220       0x20 /usr/local/msp430/bin/../lib/gcc/msp430/4.7.0/mcpu-430x/mmpy-16/libcrt0.a(_copy_data.o)
 .debug_aranges
                0x00000240       0x20 /usr/local/msp430/bin/../lib/gcc/msp430/4.7.0/mcpu-430x/mmpy-16/libcrt0.a(_clear_bss.o)
 .debug_aranges
                0x00000260       0x20 /usr/local/msp430/bin/../lib/gcc/msp430/4.7.0/mcpu-430x/mmpy-16/libcrt0.a(_endless_loop__.o)
 .debug_aranges
                0x00000280       0x20 /usr/local/msp430/bin/../lib/gcc/msp430/4.7.0/mcpu-430x/mmpy-16/libcrt0.a(_unexpected_.o)

.debug_pubnames
 *(.debug_pubnames)

.debug_info     0x00000000     0x1678
 *(.debug_info)
 .debug_info    0x00000000       0xac /usr/local/msp430/bin/../lib/gcc/msp430/4.7.0/mcpu-430x/mmpy-16/crt0ivtbl32.o
 .debug_info    0x000000ac       0xa9 /usr/local/msp430/bin/../lib/gcc/msp430/4.7.0/mcpu-430x/mmpy-16/libgcc.a(_mulsi3.o)
 .debug_info    0x00000155       0xa9 /usr/local/msp430/bin/../lib/gcc/msp430/4.7.0/mcpu-430x/mmpy-16/libgcc.a(_udivmod16.o)
 .debug_info    0x000001fe       0xa9 /usr/local/msp430/bin/../lib/gcc/msp430/4.7.0/mcpu-430x/mmpy-16/libgcc.a(_divmod16.o)
 .debug_info    0x000002a7       0xa9 /usr/local/msp430/bin/../lib/gcc/msp430/4.7.0/mcpu-430x/mmpy-16/libgcc.a(_udivmod32.o)
 .debug_info    0x00000350      0x18d /usr/local/msp430/bin/../lib/gcc/msp430/4.7.0/../../../../msp430/lib/mcpu-430x/mmpy-16/libc.a(printf.o)
 .debug_info    0x000004dd      0x66d /usr/local/msp430/bin/../lib/gcc/msp430/4.7.0/../../../../msp430/lib/mcpu-430x/mmpy-16/libc.a(vuprintf.o)
 .debug_info    0x00000b4a       0xe1 /usr/local/msp430/bin/../lib/gcc/msp430/4.7.0/../../../../msp430/lib/mcpu-430x/mmpy-16/libc.a(puts.o)
 .debug_info    0x00000c2b      0x172 /usr/local/msp430/bin/../lib/gcc/msp430/4.7.0/../../../../msp430/lib/mcpu-430x/mmpy-16/libc.a(rand.o)
 .debug_info    0x00000d9d       0xd8 /usr/local/msp430/bin/../lib/gcc/msp430/4.7.0/../../../../msp430/lib/mcpu-430x/mmpy-16/libc.a(strncmp.o)
 .debug_info    0x00000e75       0xff /usr/local/msp430/bin/../lib/gcc/msp430/4.7.0/../../../../msp430/lib/mcpu-430x/mmpy-16/libc.a(memcmp.o)
 .debug_info    0x00000f74      0x144 /usr/local/msp430/bin/../lib/gcc/msp430/4.7.0/../../../../msp430/lib/mcpu-430x/mmpy-16/libc.a(memcpy.o)
 .debug_info    0x000010b8      0x12d /usr/local/msp430/bin/../lib/gcc/msp430/4.7.0/../../../../msp430/lib/mcpu-430x/mmpy-16/libc.a(memset.o)
 .debug_info    0x000011e5       0xa9 /usr/local/msp430/bin/../lib/gcc/msp430/4.7.0/mcpu-430x/mmpy-16/libgcc.a(_udivmod64.o)
 .debug_info    0x0000128e       0xa7 /usr/local/msp430/bin/../lib/gcc/msp430/4.7.0/mcpu-430x/mmpy-16/libcrt0.a(__watchdog_support.o)
 .debug_info    0x00001335       0xa7 /usr/local/msp430/bin/../lib/gcc/msp430/4.7.0/mcpu-430x/mmpy-16/libcrt0.a(__init_stack.o)
 .debug_info    0x000013dc       0xa7 /usr/local/msp430/bin/../lib/gcc/msp430/4.7.0/mcpu-430x/mmpy-16/libcrt0.a(_copy_data.o)
 .debug_info    0x00001483       0xa7 /usr/local/msp430/bin/../lib/gcc/msp430/4.7.0/mcpu-430x/mmpy-16/libcrt0.a(_clear_bss.o)
 .debug_info    0x0000152a       0xa7 /usr/local/msp430/bin/../lib/gcc/msp430/4.7.0/mcpu-430x/mmpy-16/libcrt0.a(_endless_loop__.o)
 .debug_info    0x000015d1       0xa7 /usr/local/msp430/bin/../lib/gcc/msp430/4.7.0/mcpu-430x/mmpy-16/libcrt0.a(_unexpected_.o)
 *(.gnu.linkonce.wi.*)

.debug_abbrev   0x00000000      0x822
 *(.debug_abbrev)
 .debug_abbrev  0x00000000       0x14 /usr/local/msp430/bin/../lib/gcc/msp430/4.7.0/mcpu-430x/mmpy-16/crt0ivtbl32.o
 .debug_abbrev  0x00000014       0x14 /usr/local/msp430/bin/../lib/gcc/msp430/4.7.0/mcpu-430x/mmpy-16/libgcc.a(_mulsi3.o)
 .debug_abbrev  0x00000028       0x14 /usr/local/msp430/bin/../lib/gcc/msp430/4.7.0/mcpu-430x/mmpy-16/libgcc.a(_udivmod16.o)
 .debug_abbrev  0x0000003c       0x14 /usr/local/msp430/bin/../lib/gcc/msp430/4.7.0/mcpu-430x/mmpy-16/libgcc.a(_divmod16.o)
 .debug_abbrev  0x00000050       0x14 /usr/local/msp430/bin/../lib/gcc/msp430/4.7.0/mcpu-430x/mmpy-16/libgcc.a(_udivmod32.o)
 .debug_abbrev  0x00000064       0xfa /usr/local/msp430/bin/../lib/gcc/msp430/4.7.0/../../../../msp430/lib/mcpu-430x/mmpy-16/libc.a(printf.o)
 .debug_abbrev  0x0000015e      0x23e /usr/local/msp430/bin/../lib/gcc/msp430/4.7.0/../../../../msp430/lib/mcpu-430x/mmpy-16/libc.a(vuprintf.o)
 .debug_abbrev  0x0000039c       0xa3 /usr/local/msp430/bin/../lib/gcc/msp430/4.7.0/../../../../msp430/lib/mcpu-430x/mmpy-16/libc.a(puts.o)
 .debug_abbrev  0x0000043f       0xfb /usr/local/msp430/bin/../lib/gcc/msp430/4.7.0/../../../../msp430/lib/mcpu-430x/mmpy-16/libc.a(rand.o)
 .debug_abbrev  0x0000053a       0x72 /usr/local/msp430/bin/../lib/gcc/msp430/4.7.0/../../../../msp430/lib/mcpu-430x/mmpy-16/libc.a(strncmp.o)
 .debug_abbrev  0x000005ac       0x9e /usr/local/msp430/bin/../lib/gcc/msp430/4.7.0/../../../../msp430/lib/mcpu-430x/mmpy-16/libc.a(memcmp.o)
 .debug_abbrev  0x0000064a       0xab /usr/local/msp430/bin/../lib/gcc/msp430/4.7.0/../../../../msp430/lib/mcpu-430x/mmpy-16/libc.a(memcpy.o)
 .debug_abbrev  0x000006f5       0xa1 /usr/local/msp430/bin/../lib/gcc/msp430/4.7.0/../../../../msp430/lib/mcpu-430x/mmpy-16/libc.a(memset.o)
 .debug_abbrev  0x00000796       0x14 /usr/local/msp430/bin/../lib/gcc/msp430/4.7.0/mcpu-430x/mmpy-16/libgcc.a(_udivmod64.o)
 .debug_abbrev  0x000007aa       0x14 /usr/local/msp430/bin/../lib/gcc/msp430/4.7.0/mcpu-430x/mmpy-16/libcrt0.a(__watchdog_support.o)
 .debug_abbrev  0x000007be       0x14 /usr/local/msp430/bin/../lib/gcc/msp430/4.7.0/mcpu-430x/mmpy-16/libcrt0.a(__init_stack.o)
 .debug_abbrev  0x000007d2       0x14 /usr/local/msp430/bin/../lib/gcc/msp430/4.7.0/mcpu-430x/mmpy-16/libcrt0.a(_copy_data.o)
 .debug_abbrev  0x000007e6       0x14 /usr/local/msp430/bin/../lib/gcc/msp430/4.7.0/mcpu-430x/mmpy-16/libcrt0.a(_clear_bss.o)
 .debug_abbrev  0x000007fa       0x14 /usr/local/msp430/bin/../lib/gcc/msp430/4.7.0/mcpu-430x/mmpy-16/libcrt0.a(_endless_loop__.o)
 .debug_abbrev  0x0000080e       0x14 /usr/local/msp430/bin/../lib/gcc/msp430/4.7.0/mcpu-430x/mmpy-16/libcrt0.a(_unexpected_.o)

.debug_line     0x00000000      0xd83
 *(.debug_line)
 .debug_line    0x00000000       0x69 /usr/local/msp430/bin/../lib/gcc/msp430/4.7.0/mcpu-430x/mmpy-16/crt0ivtbl32.o
 .debug_line    0x00000069       0x79 /usr/local/msp430/bin/../lib/gcc/msp430/4.7.0/mcpu-430x/mmpy-16/libgcc.a(_mulsi3.o)
 .debug_line    0x000000e2       0x75 /usr/local/msp430/bin/../lib/gcc/msp430/4.7.0/mcpu-430x/mmpy-16/libgcc.a(_udivmod16.o)
 .debug_line    0x00000157       0x80 /usr/local/msp430/bin/../lib/gcc/msp430/4.7.0/mcpu-430x/mmpy-16/libgcc.a(_divmod16.o)
 .debug_line    0x000001d7       0x80 /usr/local/msp430/bin/../lib/gcc/msp430/4.7.0/mcpu-430x/mmpy-16/libgcc.a(_udivmod32.o)
 .debug_line    0x00000257       0xad /usr/local/msp430/bin/../lib/gcc/msp430/4.7.0/../../../../msp430/lib/mcpu-430x/mmpy-16/libc.a(printf.o)
 .debug_line    0x00000304      0x35d /usr/local/msp430/bin/../lib/gcc/msp430/4.7.0/../../../../msp430/lib/mcpu-430x/mmpy-16/libc.a(vuprintf.o)
 .debug_line    0x00000661       0x67 /usr/local/msp430/bin/../lib/gcc/msp430/4.7.0/../../../../msp430/lib/mcpu-430x/mmpy-16/libc.a(puts.o)
 .debug_line    0x000006c8       0x6e /usr/local/msp430/bin/../lib/gcc/msp430/4.7.0/../../../../msp430/lib/mcpu-430x/mmpy-16/libc.a(rand.o)
 .debug_line    0x00000736       0x91 /usr/local/msp430/bin/../lib/gcc/msp430/4.7.0/../../../../msp430/lib/mcpu-430x/mmpy-16/libc.a(strncmp.o)
 .debug_line    0x000007c7       0x91 /usr/local/msp430/bin/../lib/gcc/msp430/4.7.0/../../../../msp430/lib/mcpu-430x/mmpy-16/libc.a(memcmp.o)
 .debug_line    0x00000858      0x11a /usr/local/msp430/bin/../lib/gcc/msp430/4.7.0/../../../../msp430/lib/mcpu-430x/mmpy-16/libc.a(memcpy.o)
 .debug_line    0x00000972       0xf4 /usr/local/msp430/bin/../lib/gcc/msp430/4.7.0/../../../../msp430/lib/mcpu-430x/mmpy-16/libc.a(memset.o)
 .debug_line    0x00000a66       0xb0 /usr/local/msp430/bin/../lib/gcc/msp430/4.7.0/mcpu-430x/mmpy-16/libgcc.a(_udivmod64.o)
 .debug_line    0x00000b16       0x67 /usr/local/msp430/bin/../lib/gcc/msp430/4.7.0/mcpu-430x/mmpy-16/libcrt0.a(__watchdog_support.o)
 .debug_line    0x00000b7d       0x65 /usr/local/msp430/bin/../lib/gcc/msp430/4.7.0/mcpu-430x/mmpy-16/libcrt0.a(__init_stack.o)
 .debug_line    0x00000be2       0x6b /usr/local/msp430/bin/../lib/gcc/msp430/4.7.0/mcpu-430x/mmpy-16/libcrt0.a(_copy_data.o)
 .debug_line    0x00000c4d       0x6b /usr/local/msp430/bin/../lib/gcc/msp430/4.7.0/mcpu-430x/mmpy-16/libcrt0.a(_clear_bss.o)
 .debug_line    0x00000cb8       0x66 /usr/local/msp430/bin/../lib/gcc/msp430/4.7.0/mcpu-430x/mmpy-16/libcrt0.a(_endless_loop__.o)
 .debug_line    0x00000d1e       0x65 /usr/local/msp430/bin/../lib/gcc/msp430/4.7.0/mcpu-430x/mmpy-16/libcrt0.a(_unexpected_.o)

.debug_frame    0x00000000      0x1e8
 *(.debug_frame)
 .debug_frame   0x00000000       0x34 /usr/local/msp430/bin/../lib/gcc/msp430/4.7.0/../../../../msp430/lib/mcpu-430x/mmpy-16/libc.a(printf.o)
 .debug_frame   0x00000034       0x84 /usr/local/msp430/bin/../lib/gcc/msp430/4.7.0/../../../../msp430/lib/mcpu-430x/mmpy-16/libc.a(vuprintf.o)
 .debug_frame   0x000000b8       0x2c /usr/local/msp430/bin/../lib/gcc/msp430/4.7.0/../../../../msp430/lib/mcpu-430x/mmpy-16/libc.a(puts.o)
 .debug_frame   0x000000e4       0x4c /usr/local/msp430/bin/../lib/gcc/msp430/4.7.0/../../../../msp430/lib/mcpu-430x/mmpy-16/libc.a(rand.o)
 .debug_frame   0x00000130       0x2c /usr/local/msp430/bin/../lib/gcc/msp430/4.7.0/../../../../msp430/lib/mcpu-430x/mmpy-16/libc.a(strncmp.o)
 .debug_frame   0x0000015c       0x2c /usr/local/msp430/bin/../lib/gcc/msp430/4.7.0/../../../../msp430/lib/mcpu-430x/mmpy-16/libc.a(memcmp.o)
 .debug_frame   0x00000188       0x30 /usr/local/msp430/bin/../lib/gcc/msp430/4.7.0/../../../../msp430/lib/mcpu-430x/mmpy-16/libc.a(memcpy.o)
 .debug_frame   0x000001b8       0x30 /usr/local/msp430/bin/../lib/gcc/msp430/4.7.0/../../../../msp430/lib/mcpu-430x/mmpy-16/libc.a(memset.o)

.debug_str      0x00000000      0x415
 *(.debug_str)
 .debug_str     0x00000000       0xff /usr/local/msp430/bin/../lib/gcc/msp430/4.7.0/../../../../msp430/lib/mcpu-430x/mmpy-16/libc.a(printf.o)
                                0x147 (size before relaxing)
 .debug_str     0x000000ff      0x22b /usr/local/msp430/bin/../lib/gcc/msp430/4.7.0/../../../../msp430/lib/mcpu-430x/mmpy-16/libc.a(vuprintf.o)
                                0x3ad (size before relaxing)
 .debug_str     0x0000032a       0x1d /usr/local/msp430/bin/../lib/gcc/msp430/4.7.0/../../../../msp430/lib/mcpu-430x/mmpy-16/libc.a(puts.o)
                                0x10c (size before relaxing)
 .debug_str     0x00000347       0x2f /usr/local/msp430/bin/../lib/gcc/msp430/4.7.0/../../../../msp430/lib/mcpu-430x/mmpy-16/libc.a(rand.o)
                                0x123 (size before relaxing)
 .debug_str     0x00000376       0x22 /usr/local/msp430/bin/../lib/gcc/msp430/4.7.0/../../../../msp430/lib/mcpu-430x/mmpy-16/libc.a(strncmp.o)
                                0x111 (size before relaxing)
 .debug_str     0x00000398       0x19 /usr/local/msp430/bin/../lib/gcc/msp430/4.7.0/../../../../msp430/lib/mcpu-430x/mmpy-16/libc.a(memcmp.o)
                                0x10f (size before relaxing)
 .debug_str     0x000003b1       0x3e /usr/local/msp430/bin/../lib/gcc/msp430/4.7.0/../../../../msp430/lib/mcpu-430x/mmpy-16/libc.a(memcpy.o)
                                0x13d (size before relaxing)
 .debug_str     0x000003ef       0x26 /usr/local/msp430/bin/../lib/gcc/msp430/4.7.0/../../../../msp430/lib/mcpu-430x/mmpy-16/libc.a(memset.o)
                                0x13b (size before relaxing)

.debug_loc      0x00000000     0x1249
 *(.debug_loc)
 .debug_loc     0x00000000       0x78 /usr/local/msp430/bin/../lib/gcc/msp430/4.7.0/../../../../msp430/lib/mcpu-430x/mmpy-16/libc.a(printf.o)
 .debug_loc     0x00000078      0xc38 /usr/local/msp430/bin/../lib/gcc/msp430/4.7.0/../../../../msp430/lib/mcpu-430x/mmpy-16/libc.a(vuprintf.o)
 .debug_loc     0x00000cb0       0x3e /usr/local/msp430/bin/../lib/gcc/msp430/4.7.0/../../../../msp430/lib/mcpu-430x/mmpy-16/libc.a(puts.o)
 .debug_loc     0x00000cee       0x78 /usr/local/msp430/bin/../lib/gcc/msp430/4.7.0/../../../../msp430/lib/mcpu-430x/mmpy-16/libc.a(rand.o)
 .debug_loc     0x00000d66       0x7a /usr/local/msp430/bin/../lib/gcc/msp430/4.7.0/../../../../msp430/lib/mcpu-430x/mmpy-16/libc.a(strncmp.o)
 .debug_loc     0x00000de0       0x6d /usr/local/msp430/bin/../lib/gcc/msp430/4.7.0/../../../../msp430/lib/mcpu-430x/mmpy-16/libc.a(memcmp.o)
 .debug_loc     0x00000e4d      0x2c3 /usr/local/msp430/bin/../lib/gcc/msp430/4.7.0/../../../../msp430/lib/mcpu-430x/mmpy-16/libc.a(memcpy.o)
 .debug_loc     0x00001110      0x139 /usr/local/msp430/bin/../lib/gcc/msp430/4.7.0/../../../../msp430/lib/mcpu-430x/mmpy-16/libc.a(memset.o)

.debug_macinfo
 *(.debug_macinfo)

.debug_pubtypes
 *(.debug_pubtypes)

.debug_ranges   0x00000000       0xd0
 *(.debug_ranges)
 .debug_ranges  0x00000000       0x18 /usr/local/msp430/bin/../lib/gcc/msp430/4.7.0/../../../../msp430/lib/mcpu-430x/mmpy-16/libc.a(printf.o)
 .debug_ranges  0x00000018       0x48 /usr/local/msp430/bin/../lib/gcc/msp430/4.7.0/../../../../msp430/lib/mcpu-430x/mmpy-16/libc.a(vuprintf.o)
 .debug_ranges  0x00000060       0x10 /usr/local/msp430/bin/../lib/gcc/msp430/4.7.0/../../../../msp430/lib/mcpu-430x/mmpy-16/libc.a(puts.o)
 .debug_ranges  0x00000070       0x20 /usr/local/msp430/bin/../lib/gcc/msp430/4.7.0/../../../../msp430/lib/mcpu-430x/mmpy-16/libc.a(rand.o)
 .debug_ranges  0x00000090       0x10 /usr/local/msp430/bin/../lib/gcc/msp430/4.7.0/../../../../msp430/lib/mcpu-430x/mmpy-16/libc.a(strncmp.o)
 .debug_ranges  0x000000a0       0x10 /usr/local/msp430/bin/../lib/gcc/msp430/4.7.0/../../../../msp430/lib/mcpu-430x/mmpy-16/libc.a(memcmp.o)
 .debug_ranges  0x000000b0       0x10 /usr/local/msp430/bin/../lib/gcc/msp430/4.7.0/../../../../msp430/lib/mcpu-430x/mmpy-16/libc.a(memcpy.o)
 .debug_ranges  0x000000c0       0x10 /usr/local/msp430/bin/../lib/gcc/msp430/4.7.0/../../../../msp430/lib/mcpu-430x/mmpy-16/libc.a(memset.o)
                0x00003100                PROVIDE (__stack, (ORIGIN (ram) + 0x2000))
                0x00008b26                __data_start_rom = _etext
                0x00008bd4                __data_end_rom = (_etext + SIZEOF (.data))
OUTPUT(hello-world.z1 elf32-msp430)

.gnu.attributes
                0x00000000       0x10
 .gnu.attributes
                0x00000000       0x10 /usr/local/msp430/bin/../lib/gcc/msp430/4.7.0/mcpu-430x/mmpy-16/crt0ivtbl32.o
 .gnu.attributes
                0x00000010       0x10 hello-world.co
 .gnu.attributes
                0x00000020       0x10 obj_z1/contiki-z1-main.o
 .gnu.attributes
                0x00000030       0x10 contiki-z1.a(rimeaddr.o)
 .gnu.attributes
                0x00000040       0x10 contiki-z1.a(rime.o)
 .gnu.attributes
                0x00000050       0x10 contiki-z1.a(announcement.o)
 .gnu.attributes
                0x00000060       0x10 contiki-z1.a(broadcast-annou)
 .gnu.attributes
                0x00000070       0x10 contiki-z1.a(broadcast.o)
 .gnu.attributes
                0x00000080       0x10 contiki-z1.a(abc.o)
 .gnu.attributes
                0x00000090       0x10 contiki-z1.a(chameleon.o)
 .gnu.attributes
                0x000000a0       0x10 contiki-z1.a(channel.o)
 .gnu.attributes
                0x000000b0       0x10 contiki-z1.a(chameleon-bitop)
 .gnu.attributes
                0x000000c0       0x10 contiki-z1.a(csma.o)
 .gnu.attributes
                0x000000d0       0x10 contiki-z1.a(contikimac.o)
 .gnu.attributes
                0x000000e0       0x10 contiki-z1.a(phase.o)
 .gnu.attributes
                0x000000f0       0x10 contiki-z1.a(process.o)
 .gnu.attributes
                0x00000100       0x10 contiki-z1.a(autostart.o)
 .gnu.attributes
                0x00000110       0x10 contiki-z1.a(compower.o)
 .gnu.attributes
                0x00000120       0x10 contiki-z1.a(serial-line.o)
 .gnu.attributes
                0x00000130       0x10 contiki-z1.a(memb.o)
 .gnu.attributes
                0x00000140       0x10 contiki-z1.a(timer.o)
 .gnu.attributes
                0x00000150       0x10 contiki-z1.a(list.o)
 .gnu.attributes
                0x00000160       0x10 contiki-z1.a(etimer.o)
 .gnu.attributes
                0x00000170       0x10 contiki-z1.a(ctimer.o)
 .gnu.attributes
                0x00000180       0x10 contiki-z1.a(energest.o)
 .gnu.attributes
                0x00000190       0x10 contiki-z1.a(rtimer.o)
 .gnu.attributes
                0x000001a0       0x10 contiki-z1.a(random.o)
 .gnu.attributes
                0x000001b0       0x10 contiki-z1.a(ringbuf.o)
 .gnu.attributes
                0x000001c0       0x10 contiki-z1.a(nbr-table.o)
 .gnu.attributes
                0x000001d0       0x10 contiki-z1.a(packetbuf.o)
 .gnu.attributes
                0x000001e0       0x10 contiki-z1.a(queuebuf.o)
 .gnu.attributes
                0x000001f0       0x10 contiki-z1.a(contiki-z1-plat)
 .gnu.attributes
                0x00000200       0x10 contiki-z1.a(msp430.o)
 .gnu.attributes
                0x00000210       0x10 contiki-z1.a(leds.o)
 .gnu.attributes
                0x00000220       0x10 contiki-z1.a(watchdog.o)
 .gnu.attributes
                0x00000230       0x10 contiki-z1.a(xmem.o)
 .gnu.attributes
                0x00000240       0x10 contiki-z1.a(spi.o)
 .gnu.attributes
                0x00000250       0x10 contiki-z1.a(cc2420.o)
 .gnu.attributes
                0x00000260       0x10 contiki-z1.a(cc2420-arch.o)
 .gnu.attributes
                0x00000270       0x10 contiki-z1.a(node-id.o)
 .gnu.attributes
                0x00000280       0x10 contiki-z1.a(sensors.o)
 .gnu.attributes
                0x00000290       0x10 contiki-z1.a(button-sensor.o)
 .gnu.attributes
                0x000002a0       0x10 contiki-z1.a(uart0.o)
 .gnu.attributes
                0x000002b0       0x10 contiki-z1.a(uart0-putchar.o)
 .gnu.attributes
                0x000002c0       0x10 contiki-z1.a(adxl345.o)
 .gnu.attributes
                0x000002d0       0x10 contiki-z1.a(clock.o)
 .gnu.attributes
                0x000002e0       0x10 contiki-z1.a(leds-arch.o)
 .gnu.attributes
                0x000002f0       0x10 contiki-z1.a(rtimer-arch.o)
 .gnu.attributes
                0x00000300       0x10 contiki-z1.a(mac.o)
 .gnu.attributes
                0x00000310       0x10 contiki-z1.a(framer-802154.o)
 .gnu.attributes
                0x00000320       0x10 contiki-z1.a(i2cmaster.o)
 .gnu.attributes
                0x00000330       0x10 contiki-z1.a(frame802154.o)
 .gnu.attributes
                0x00000340       0x10 /usr/local/msp430/bin/../lib/gcc/msp430/4.7.0/mcpu-430x/mmpy-16/libgcc.a(_mulsi3.o)
 .gnu.attributes
                0x00000350       0x10 /usr/local/msp430/bin/../lib/gcc/msp430/4.7.0/mcpu-430x/mmpy-16/libgcc.a(_udivmod16.o)
 .gnu.attributes
                0x00000360       0x10 /usr/local/msp430/bin/../lib/gcc/msp430/4.7.0/mcpu-430x/mmpy-16/libgcc.a(_divmod16.o)
 .gnu.attributes
                0x00000370       0x10 /usr/local/msp430/bin/../lib/gcc/msp430/4.7.0/mcpu-430x/mmpy-16/libgcc.a(_udivmod32.o)
 .gnu.attributes
                0x00000380       0x10 /usr/local/msp430/bin/../lib/gcc/msp430/4.7.0/../../../../msp430/lib/mcpu-430x/mmpy-16/libc.a(printf.o)
 .gnu.attributes
                0x00000390       0x10 /usr/local/msp430/bin/../lib/gcc/msp430/4.7.0/../../../../msp430/lib/mcpu-430x/mmpy-16/libc.a(vuprintf.o)
 .gnu.attributes
                0x000003a0       0x10 /usr/local/msp430/bin/../lib/gcc/msp430/4.7.0/../../../../msp430/lib/mcpu-430x/mmpy-16/libc.a(puts.o)
 .gnu.attributes
                0x000003b0       0x10 /usr/local/msp430/bin/../lib/gcc/msp430/4.7.0/../../../../msp430/lib/mcpu-430x/mmpy-16/libc.a(rand.o)
 .gnu.attributes
                0x000003c0       0x10 /usr/local/msp430/bin/../lib/gcc/msp430/4.7.0/../../../../msp430/lib/mcpu-430x/mmpy-16/libc.a(strncmp.o)
 .gnu.attributes
                0x000003d0       0x10 /usr/local/msp430/bin/../lib/gcc/msp430/4.7.0/../../../../msp430/lib/mcpu-430x/mmpy-16/libc.a(memcmp.o)
 .gnu.attributes